Archive member included because of file (symbol)

D:\github\FTP_LPC11E36_LPCXpresso\wiznet_evb_w5500evb_board\Debug\libwiznet_evb_w5500evb_board.a(board.o)
                              ./src/ioLibrary/Internet/FTPServer/ftpd.o (Board_UARTGetCharBlocking)
D:\github\FTP_LPC11E36_LPCXpresso\wiznet_evb_w5500evb_board\Debug\libwiznet_evb_w5500evb_board.a(board_sysinit.o)
                              ./src/sysinit.o (Board_SystemInit)
D:\github\FTP_LPC11E36_LPCXpresso\lpc_chip_11exx\Debug\liblpc_chip_11exx.a(chip_11xx.o)
                              ./src/PlatformHandler/eepromHandler.o (SystemCoreClock)
D:\github\FTP_LPC11E36_LPCXpresso\lpc_chip_11exx\Debug\liblpc_chip_11exx.a(clock_11xx.o)
                              D:\github\FTP_LPC11E36_LPCXpresso\wiznet_evb_w5500evb_board\Debug\libwiznet_evb_w5500evb_board.a(board_sysinit.o) (Chip_Clock_SetSystemPLLSource)
D:\github\FTP_LPC11E36_LPCXpresso\lpc_chip_11exx\Debug\liblpc_chip_11exx.a(gpio_11xx_1.o)
                              D:\github\FTP_LPC11E36_LPCXpresso\wiznet_evb_w5500evb_board\Debug\libwiznet_evb_w5500evb_board.a(board.o) (Chip_GPIO_Init)
D:\github\FTP_LPC11E36_LPCXpresso\lpc_chip_11exx\Debug\liblpc_chip_11exx.a(iocon_11xx.o)
                              ./src/PlatformHandler/dataflashHandler.o (Chip_IOCON_PinMuxSet)
D:\github\FTP_LPC11E36_LPCXpresso\lpc_chip_11exx\Debug\liblpc_chip_11exx.a(ssp_11xx.o)
                              ./src/PlatformHandler/dataflashHandler.o (Chip_SSP_WriteFrames_Blocking)
D:\github\FTP_LPC11E36_LPCXpresso\lpc_chip_11exx\Debug\liblpc_chip_11exx.a(sysctl_11xx.o)
                              D:\github\FTP_LPC11E36_LPCXpresso\wiznet_evb_w5500evb_board\Debug\libwiznet_evb_w5500evb_board.a(board_sysinit.o) (Chip_SYSCTL_PowerDown)
D:\github\FTP_LPC11E36_LPCXpresso\lpc_chip_11exx\Debug\liblpc_chip_11exx.a(uart_11xx.o)
                              D:\github\FTP_LPC11E36_LPCXpresso\wiznet_evb_w5500evb_board\Debug\libwiznet_evb_w5500evb_board.a(board.o) (Chip_UART_Init)
D:\github\FTP_LPC11E36_LPCXpresso\lpc_chip_11exx\Debug\liblpc_chip_11exx.a(ring_buffer.o)
                              D:\github\FTP_LPC11E36_LPCXpresso\lpc_chip_11exx\Debug\liblpc_chip_11exx.a(uart_11xx.o) (RingBuffer_Insert)
c:/nxp/lpcxpresso_7.6.0_321/lpcxpresso/tools/bin/../lib/gcc/arm-none-eabi/4.9.3/../../../../arm-none-eabi/lib/armv6-m\libcr_nohost.a(_cr__main.o)
                              ./src/cr_startup_lpc11exx.o (__main)
c:/nxp/lpcxpresso_7.6.0_321/lpcxpresso/tools/bin/../lib/gcc/arm-none-eabi/4.9.3/../../../../arm-none-eabi/lib/armv6-m\libcr_c.a(memcpy.o)
                              ./src/ioLibrary/Internet/httpServer/httpServer.o (memcpy)
c:/nxp/lpcxpresso_7.6.0_321/lpcxpresso/tools/bin/../lib/gcc/arm-none-eabi/4.9.3/../../../../arm-none-eabi/lib/armv6-m\libcr_c.a(memset.o)
                              ./src/ioLibrary/Internet/httpServer/httpServer.o (memset)
c:/nxp/lpcxpresso_7.6.0_321/lpcxpresso/tools/bin/../lib/gcc/arm-none-eabi/4.9.3/../../../../arm-none-eabi/lib/armv6-m\libcr_c.a(alloc.o)
                              ./src/ioLibrary/Internet/httpServer/httpServer.o (malloc)
c:/nxp/lpcxpresso_7.6.0_321/lpcxpresso/tools/bin/../lib/gcc/arm-none-eabi/4.9.3/../../../../arm-none-eabi/lib/armv6-m\libcr_c.a(ctype.o)
                              ./src/ioLibrary/Internet/SNMP/snmp.o (__ctype)
c:/nxp/lpcxpresso_7.6.0_321/lpcxpresso/tools/bin/../lib/gcc/arm-none-eabi/4.9.3/../../../../arm-none-eabi/lib/armv6-m\libcr_c.a(fpprintf.o)
                              ./src/ioLibrary/Internet/httpServer/httpParser.o (sprintf)
c:/nxp/lpcxpresso_7.6.0_321/lpcxpresso/tools/bin/../lib/gcc/arm-none-eabi/4.9.3/../../../../arm-none-eabi/lib/armv6-m\libcr_c.a(initio.o)
                              c:/nxp/lpcxpresso_7.6.0_321/lpcxpresso/tools/bin/../lib/gcc/arm-none-eabi/4.9.3/../../../../arm-none-eabi/lib/armv6-m\libcr_nohost.a(_cr__main.o) (_initio)
c:/nxp/lpcxpresso_7.6.0_321/lpcxpresso/tools/bin/../lib/gcc/arm-none-eabi/4.9.3/../../../../arm-none-eabi/lib/armv6-m\libcr_c.a(memcmp.o)
                              ./src/ioLibrary/Internet/SNMP/snmp.o (memcmp)
c:/nxp/lpcxpresso_7.6.0_321/lpcxpresso/tools/bin/../lib/gcc/arm-none-eabi/4.9.3/../../../../arm-none-eabi/lib/armv6-m\libcr_c.a(printf.o)
                              c:/nxp/lpcxpresso_7.6.0_321/lpcxpresso/tools/bin/../lib/gcc/arm-none-eabi/4.9.3/../../../../arm-none-eabi/lib/armv6-m\libcr_c.a(fpprintf.o) (__vfprintf)
c:/nxp/lpcxpresso_7.6.0_321/lpcxpresso/tools/bin/../lib/gcc/arm-none-eabi/4.9.3/../../../../arm-none-eabi/lib/armv6-m\libcr_c.a(scanf.o)
                              ./src/ioLibrary/Internet/SNMP/snmp.o (sscanf)
c:/nxp/lpcxpresso_7.6.0_321/lpcxpresso/tools/bin/../lib/gcc/arm-none-eabi/4.9.3/../../../../arm-none-eabi/lib/armv6-m\libcr_c.a(setvbuf.o)
                              c:/nxp/lpcxpresso_7.6.0_321/lpcxpresso/tools/bin/../lib/gcc/arm-none-eabi/4.9.3/../../../../arm-none-eabi/lib/armv6-m\libcr_c.a(initio.o) (setvbuf)
[...]
Memory Configuration

Name             Origin             Length             Attributes
MFlash96         0x00000000         0x00018000         xr
RamLoc8          0x10000000         0x00002000         xrw
RamPeriph2       0x20000000         0x00000800         xrw
SRAM1_2          0x20004000         0x00000800         xrw
*default*        0x00000000         0xffffffff

Linker script and memory map

LOAD ./src/ioLibrary/Internet/httpServer/httpParser.o
LOAD ./src/ioLibrary/Internet/httpServer/httpServer.o
LOAD ./src/ioLibrary/Internet/httpServer/httpUtil.o
LOAD ./src/ioLibrary/Internet/SNMP/snmp.o
LOAD ./src/ioLibrary/Internet/SNMP/snmp_custom.o
LOAD ./src/ioLibrary/Internet/FTPServer/ftpd.o
LOAD ./src/ioLibrary/Internet/DNS/dns.o
LOAD ./src/ioLibrary/Internet/DHCP/dhcp.o
LOAD ./src/ioLibrary/Ethernet/W5500/w5500.o
LOAD ./src/ioLibrary/Ethernet/socket.o
LOAD ./src/ioLibrary/Ethernet/wizchip_conf.o
LOAD ./src/ioLibrary/Application/loopback/loopback.o
LOAD ./src/PlatformHandler/FatFs/diskio.o
LOAD ./src/PlatformHandler/FatFs/ff.o
LOAD ./src/PlatformHandler/FatFs/ff_lfn_required.o
LOAD ./src/PlatformHandler/dataflashHandler.o
LOAD ./src/PlatformHandler/eepromHandler.o
LOAD ./src/PlatformHandler/mmcHandler.o
LOAD ./src/PlatformHandler/spiHandler.o
LOAD ./src/W5500EVB.o
LOAD ./src/aeabi_romdiv_patch.o
LOAD ./src/cr_startup_lpc11exx.o
LOAD ./src/crp.o
LOAD ./src/sysinit.o
LOAD ./src/w5500_init.o
LOAD D:\github\FTP_LPC11E36_LPCXpresso\wiznet_evb_w5500evb_board\Debug\libwiznet_evb_w5500evb_board.a
LOAD D:\github\FTP_LPC11E36_LPCXpresso\lpc_chip_11exx\Debug\liblpc_chip_11exx.a
START GROUP
LOAD c:/nxp/lpcxpresso_7.6.0_321/lpcxpresso/tools/bin/../lib/gcc/arm-none-eabi/4.9.3/../../../../arm-none-eabi/lib/armv6-m\libcr_nohost.a
LOAD c:/nxp/lpcxpresso_7.6.0_321/lpcxpresso/tools/bin/../lib/gcc/arm-none-eabi/4.9.3/../../../../arm-none-eabi/lib/armv6-m\libcr_c.a
LOAD c:/nxp/lpcxpresso_7.6.0_321/lpcxpresso/tools/bin/../lib/gcc/arm-none-eabi/4.9.3/armv6-m\libcr_eabihelpers.a
END GROUP
                0x00018000                __top_MFlash96 = 0x18000
                0x10002000                __top_RamLoc8 = 0x10002000
                0x20000800                __top_RamPeriph2 = 0x20000800
                0x20004800                __top_SRAM1_2 = 0x20004800

.text           0x00000000     0xdf90
 FILL mask 0xff
                0x00000000                __vectors_start__ = ABSOLUTE (.)
 *(.isr_vector)
 .isr_vector    0x00000000       0xc0 ./src/cr_startup_lpc11exx.o
                0x00000000                g_pfnVectors
                0x000000c0                . = ALIGN (0x4)
                0x000000c0                __section_table_start = .
                0x000000c0                __data_section_table = .
                0x000000c0        0x4 LONG 0xdf90 LOADADDR (.data)
                0x000000c4        0x4 LONG 0x10000000 ADDR (.data)
                0x000000c8        0x4 LONG 0x64 SIZEOF (.data)
                0x000000cc        0x4 LONG 0xdf90 LOADADDR (.data_RAM2)
                0x000000d0        0x4 LONG 0x20000000 ADDR (.data_RAM2)
                0x000000d4        0x4 LONG 0x0 SIZEOF (.data_RAM2)
                0x000000d8        0x4 LONG 0xdf90 LOADADDR (.data_RAM3)
                0x000000dc        0x4 LONG 0x20004000 ADDR (.data_RAM3)
                0x000000e0        0x4 LONG 0x0 SIZEOF (.data_RAM3)
                0x000000e4                __data_section_table_end = .
                0x000000e4                __bss_section_table = .
                0x000000e4        0x4 LONG 0x10000064 ADDR (.bss)
                0x000000e8        0x4 LONG 0x1064 SIZEOF (.bss)
                0x000000ec        0x4 LONG 0x20000000 ADDR (.bss_RAM2)
                0x000000f0        0x4 LONG 0x0 SIZEOF (.bss_RAM2)
                0x000000f4        0x4 LONG 0x20004000 ADDR (.bss_RAM3)
                0x000000f8        0x4 LONG 0x0 SIZEOF (.bss_RAM3)
                0x000000fc                __bss_section_table_end = .
                0x000000fc                __section_table_end = .
 *(.after_vectors*)
 .after_vectors
                0x000000fc      0x168 ./src/cr_startup_lpc11exx.o
                0x000000fc                data_init
                0x0000013c                bss_init
                0x00000170                ResetISR
                0x00000234                NMI_Handler
                0x0000023c                HardFault_Handler
                0x00000244                SVC_Handler
                0x0000024c                PendSV_Handler
                0x0000025c                FLEX_INT7_IRQHandler
                0x0000025c                TIMER32_1_IRQHandler
                0x0000025c                FLEX_INT1_IRQHandler
                0x0000025c                IntDefaultHandler
                0x0000025c                SSP0_IRQHandler
                0x0000025c                TIMER32_0_IRQHandler
                0x0000025c                UART_IRQHandler
                0x0000025c                FLEX_INT2_IRQHandler
                0x0000025c                TIMER16_1_IRQHandler
                0x0000025c                FLEX_INT5_IRQHandler
                0x0000025c                ADC_IRQHandler
                0x0000025c                SSP1_IRQHandler
                0x0000025c                FLEX_INT3_IRQHandler
                0x0000025c                BOD_IRQHandler
                0x0000025c                I2C_IRQHandler
                0x0000025c                WDT_IRQHandler
                0x0000025c                FLEX_INT0_IRQHandler
                0x0000025c                GINT0_IRQHandler
                0x0000025c                FLEX_INT4_IRQHandler
                0x0000025c                TIMER16_0_IRQHandler
                0x0000025c                FLEX_INT6_IRQHandler
                0x0000025c                FMC_IRQHandler
                0x0000025c                GINT1_IRQHandler
                0x000002fc                . = 0x2fc
 *fill*         0x00000264       0x98 ff
                0x000002fc                PROVIDE (__CRP_WORD_START__, .)
 *(.crp)
 .crp           0x000002fc        0x4 ./src/crp.o
                0x000002fc                CRP_WORD
                0x00000300                PROVIDE (__CRP_WORD_END__, .)
                0x00000001                ASSERT (! ((__CRP_WORD_START__ == __CRP_WORD_END__)), Linker CRP Enabled, but no CRP_WORD provided within application)
 *(.text*)
 .text.User_Keyboard_MSG
                0x00000300       0x50 ./src/ioLibrary/Internet/FTPServer/ftpd.o
                0x00000300                User_Keyboard_MSG
 .text.ftpd_init
                0x00000350       0x70 ./src/ioLibrary/Internet/FTPServer/ftpd.o
                0x00000350                ftpd_init
 .text.ftpd_run
                0x000003c0      0xfa0 ./src/ioLibrary/Internet/FTPServer/ftpd.o
                0x000003c0                ftpd_run
 .text.proc_ftpd
                0x00001360      0x274 ./src/ioLibrary/Internet/FTPServer/ftpd.o
                0x00001360                proc_ftpd
 .text.pport    0x000015d4      0x138 ./src/ioLibrary/Internet/FTPServer/ftpd.o
                0x000015d4                pport
 .text.WIZCHIP_READ
                0x0000170c       0xc4 ./src/ioLibrary/Ethernet/W5500/w5500.o
                0x0000170c                WIZCHIP_READ
 .text.WIZCHIP_WRITE
                0x000017d0       0xc8 ./src/ioLibrary/Ethernet/W5500/w5500.o
                0x000017d0                WIZCHIP_WRITE
 .text.WIZCHIP_READ_BUF
                0x00001898       0xfc ./src/ioLibrary/Ethernet/W5500/w5500.o
                0x00001898                WIZCHIP_READ_BUF
 .text.WIZCHIP_WRITE_BUF
                0x00001994       0xfc ./src/ioLibrary/Ethernet/W5500/w5500.o
                0x00001994                WIZCHIP_WRITE_BUF
 .text.getSn_TX_FSR
                0x00001a90       0xe4 ./src/ioLibrary/Ethernet/W5500/w5500.o
                0x00001a90                getSn_TX_FSR
 .text.getSn_RX_RSR
                0x00001b74       0xe4 ./src/ioLibrary/Ethernet/W5500/w5500.o
                0x00001b74                getSn_RX_RSR
 .text.wiz_send_data
                0x00001c58       0xfc ./src/ioLibrary/Ethernet/W5500/w5500.o
                0x00001c58                wiz_send_data
 .text.wiz_recv_data
                0x00001d54       0xfc ./src/ioLibrary/Ethernet/W5500/w5500.o
                0x00001d54                wiz_recv_data
 .text.socket   0x00001e50      0x228 ./src/ioLibrary/Ethernet/socket.o
                0x00001e50                socket
 .text.close    0x00002078       0xd0 ./src/ioLibrary/Ethernet/socket.o
                0x00002078                close
 .text.listen   0x00002148       0xdc ./src/ioLibrary/Ethernet/socket.o
                0x00002148                listen
 .text.connect  0x00002224      0x1f0 ./src/ioLibrary/Ethernet/socket.o
                0x00002224                connect
 .text.disconnect
                0x00002414      0x104 ./src/ioLibrary/Ethernet/socket.o
                0x00002414                disconnect
 .text.send     0x00002518      0x288 ./src/ioLibrary/Ethernet/socket.o
                0x00002518                send
 .text.recv     0x000027a0      0x1e4 ./src/ioLibrary/Ethernet/socket.o
                0x000027a0                recv
 .text.wizchip_cris_enter
                0x00002984        0x8 ./src/ioLibrary/Ethernet/wizchip_conf.o
                0x00002984                wizchip_cris_enter
 .text.wizchip_cris_exit
                0x0000298c        0x8 ./src/ioLibrary/Ethernet/wizchip_conf.o
                0x0000298c                wizchip_cris_exit
 .text.wizchip_cs_select
                0x00002994        0x8 ./src/ioLibrary/Ethernet/wizchip_conf.o
                0x00002994                wizchip_cs_select
 .text.wizchip_cs_deselect
                0x0000299c        0x8 ./src/ioLibrary/Ethernet/wizchip_conf.o
                0x0000299c                wizchip_cs_deselect
 .text.wizchip_bus_readbyte
                0x000029a4       0x18 ./src/ioLibrary/Ethernet/wizchip_conf.o
                0x000029a4                wizchip_bus_readbyte
 .text.wizchip_bus_writebyte
                0x000029bc       0x1c ./src/ioLibrary/Ethernet/wizchip_conf.o
                0x000029bc                wizchip_bus_writebyte
 .text.wizchip_spi_readbyte
                0x000029d8        0xc ./src/ioLibrary/Ethernet/wizchip_conf.o
                0x000029d8                wizchip_spi_readbyte
 .text.wizchip_spi_writebyte
                0x000029e4       0x14 ./src/ioLibrary/Ethernet/wizchip_conf.o
                0x000029e4                wizchip_spi_writebyte
 .text.wizchip_spi_readburst
                0x000029f8       0x14 ./src/ioLibrary/Ethernet/wizchip_conf.o
                0x000029f8                wizchip_spi_readburst
 .text.wizchip_spi_writeburst
                0x00002a0c       0x14 ./src/ioLibrary/Ethernet/wizchip_conf.o
                0x00002a0c                wizchip_spi_writeburst
 .text.reg_wizchip_cs_cbfunc
                0x00002a20       0x44 ./src/ioLibrary/Ethernet/wizchip_conf.o
                0x00002a20                reg_wizchip_cs_cbfunc
 .text.reg_wizchip_spi_cbfunc
                0x00002a64       0x54 ./src/ioLibrary/Ethernet/wizchip_conf.o
                0x00002a64                reg_wizchip_spi_cbfunc
 .text.reg_wizchip_spiburst_cbfunc
                0x00002ab8       0x54 ./src/ioLibrary/Ethernet/wizchip_conf.o
                0x00002ab8                reg_wizchip_spiburst_cbfunc
 .text.ctlwizchip
                0x00002b0c      0x1cc ./src/ioLibrary/Ethernet/wizchip_conf.o
                0x00002b0c                ctlwizchip
 .text.ctlnetwork
                0x00002cd8       0x78 ./src/ioLibrary/Ethernet/wizchip_conf.o
                0x00002cd8                ctlnetwork
 .text.wizchip_sw_reset
                0x00002d50       0xa8 ./src/ioLibrary/Ethernet/wizchip_conf.o
                0x00002d50                wizchip_sw_reset
 .text.wizchip_init
                0x00002df8      0x198 ./src/ioLibrary/Ethernet/wizchip_conf.o
                0x00002df8                wizchip_init
 .text.wizchip_clrinterrupt
                0x00002f90       0x54 ./src/ioLibrary/Ethernet/wizchip_conf.o
                0x00002f90                wizchip_clrinterrupt
 .text.wizchip_getinterrupt
                0x00002fe4       0x68 ./src/ioLibrary/Ethernet/wizchip_conf.o
                0x00002fe4                wizchip_getinterrupt
 .text.wizchip_setinterruptmask
                0x0000304c       0x50 ./src/ioLibrary/Ethernet/wizchip_conf.o
                0x0000304c                wizchip_setinterruptmask
 .text.wizchip_getinterruptmask
                0x0000309c       0x60 ./src/ioLibrary/Ethernet/wizchip_conf.o
                0x0000309c                wizchip_getinterruptmask
 .text.wizphy_getphylink
                0x000030fc       0x38 ./src/ioLibrary/Ethernet/wizchip_conf.o
                0x000030fc                wizphy_getphylink
 .text.wizphy_getphypmode
                0x00003134       0x3c ./src/ioLibrary/Ethernet/wizchip_conf.o
                0x00003134                wizphy_getphypmode
 .text.wizphy_reset
                0x00003170       0x68 ./src/ioLibrary/Ethernet/wizchip_conf.o
                0x00003170                wizphy_reset
 .text.wizphy_setphyconf
                0x000031d8       0xcc ./src/ioLibrary/Ethernet/wizchip_conf.o
                0x000031d8                wizphy_setphyconf
 .text.wizphy_getphyconf
                0x000032a4       0xac ./src/ioLibrary/Ethernet/wizchip_conf.o
                0x000032a4                wizphy_getphyconf
 .text.wizphy_setphypmode
                0x00003350       0xcc ./src/ioLibrary/Ethernet/wizchip_conf.o
                0x00003350                wizphy_setphypmode
 .text.wizchip_setnetinfo
                0x0000341c       0x88 ./src/ioLibrary/Ethernet/wizchip_conf.o
                0x0000341c                wizchip_setnetinfo
 .text.wizchip_getnetinfo
                0x000034a4       0x88 ./src/ioLibrary/Ethernet/wizchip_conf.o
                0x000034a4                wizchip_getnetinfo
 .text.wizchip_setnetmode
                0x0000352c       0x5c ./src/ioLibrary/Ethernet/wizchip_conf.o
                0x0000352c                wizchip_setnetmode
 .text.wizchip_getnetmode
                0x00003588       0x14 ./src/ioLibrary/Ethernet/wizchip_conf.o
                0x00003588                wizchip_getnetmode
 .text.wizchip_settimeout
                0x0000359c       0x48 ./src/ioLibrary/Ethernet/wizchip_conf.o
                0x0000359c                wizchip_settimeout
 .text.wizchip_gettimeout
                0x000035e4       0x48 ./src/ioLibrary/Ethernet/wizchip_conf.o
                0x000035e4                wizchip_gettimeout
 .text.disk_initialize
                0x0000362c       0x18 ./src/PlatformHandler/FatFs/diskio.o
                0x0000362c                disk_initialize
 .text.disk_status
                0x00003644       0x18 ./src/PlatformHandler/FatFs/diskio.o
                0x00003644                disk_status
 .text.disk_read
                0x0000365c       0x50 ./src/PlatformHandler/FatFs/diskio.o
                0x0000365c                disk_read
 .text.disk_write
                0x000036ac       0x54 ./src/PlatformHandler/FatFs/diskio.o
                0x000036ac                disk_write
 .text.disk_ioctl
                0x00003700       0x90 ./src/PlatformHandler/FatFs/diskio.o
                0x00003700                disk_ioctl
 .text.get_fattime
                0x00003790       0x6c ./src/PlatformHandler/FatFs/diskio.o
                0x00003790                get_fattime
 .text.mem_cpy  0x000037fc       0x38 ./src/PlatformHandler/FatFs/ff.o
 .text.mem_set  0x00003834       0x30 ./src/PlatformHandler/FatFs/ff.o
 .text.mem_cmp  0x00003864       0x4c ./src/PlatformHandler/FatFs/ff.o
 .text.chk_chr  0x000038b0       0x34 ./src/PlatformHandler/FatFs/ff.o
 .text.sync_window
                0x000038e4       0xa0 ./src/PlatformHandler/FatFs/ff.o
 .text.move_window
                0x00003984       0x74 ./src/PlatformHandler/FatFs/ff.o
 .text.sync_fs  0x000039f8      0x194 ./src/PlatformHandler/FatFs/ff.o
 .text.clust2sect
                0x00003b8c       0x38 ./src/PlatformHandler/FatFs/ff.o
                0x00003b8c                clust2sect
 .text.get_fat  0x00003bc4      0x16c ./src/PlatformHandler/FatFs/ff.o
                0x00003bc4                get_fat
 .text.put_fat  0x00003d30      0x23c ./src/PlatformHandler/FatFs/ff.o
                0x00003d30                put_fat
 .text.remove_chain
                0x00003f6c       0xc4 ./src/PlatformHandler/FatFs/ff.o
 .text.create_chain
                0x00004030      0x154 ./src/PlatformHandler/FatFs/ff.o
 .text.dir_sdi  0x00004184      0x104 ./src/PlatformHandler/FatFs/ff.o
 .text.dir_next
                0x00004288      0x1a4 ./src/PlatformHandler/FatFs/ff.o
 .text.dir_alloc
                0x0000442c       0xb4 ./src/PlatformHandler/FatFs/ff.o
 .text.ld_clust
                0x000044e0       0x58 ./src/PlatformHandler/FatFs/ff.o
 .text.st_clust
                0x00004538       0x48 ./src/PlatformHandler/FatFs/ff.o
 .text.cmp_lfn  0x00004580      0x104 ./src/PlatformHandler/FatFs/ff.o
 .text.pick_lfn
                0x00004684       0xe8 ./src/PlatformHandler/FatFs/ff.o
 .text.fit_lfn  0x0000476c      0x110 ./src/PlatformHandler/FatFs/ff.o
 .text.gen_numname
                0x0000487c      0x15c ./src/PlatformHandler/FatFs/ff.o
 .text.sum_sfn  0x000049d8       0x50 ./src/PlatformHandler/FatFs/ff.o
 .text.dir_find
                0x00004a28      0x1ec ./src/PlatformHandler/FatFs/ff.o
 .text.dir_read
                0x00004c14      0x1b4 ./src/PlatformHandler/FatFs/ff.o
 .text.dir_register
                0x00004dc8      0x230 ./src/PlatformHandler/FatFs/ff.o
 .text.dir_remove
                0x00004ff8       0xcc ./src/PlatformHandler/FatFs/ff.o
 .text.get_fileinfo
                0x000050c4      0x1f0 ./src/PlatformHandler/FatFs/ff.o
 .text.create_name
                0x000052b4      0x4f0 ./src/PlatformHandler/FatFs/ff.o
 .text.follow_path
                0x000057a4      0x100 ./src/PlatformHandler/FatFs/ff.o
 .text.get_ldnumber
                0x000058a4       0x84 ./src/PlatformHandler/FatFs/ff.o
 .text.check_fs
                0x00005928       0xd0 ./src/PlatformHandler/FatFs/ff.o
 .text.find_volume
                0x000059f8      0x5ec ./src/PlatformHandler/FatFs/ff.o
 .text.validate
                0x00005fe4       0x5c ./src/PlatformHandler/FatFs/ff.o
 .text.scan_files
                0x00006040      0x2e0 ./src/PlatformHandler/FatFs/ff.o
                0x00006040                scan_files
 .text.f_mount  0x00006320       0x94 ./src/PlatformHandler/FatFs/ff.o
                0x00006320                f_mount
 .text.f_open   0x000063b4      0x4a0 ./src/PlatformHandler/FatFs/ff.o
                0x000063b4                f_open
 .text.f_read   0x00006854      0x2a0 ./src/PlatformHandler/FatFs/ff.o
                0x00006854                f_read
 .text.f_write  0x00006af4      0x308 ./src/PlatformHandler/FatFs/ff.o
                0x00006af4                f_write
 .text.f_sync   0x00006dfc      0x17c ./src/PlatformHandler/FatFs/ff.o
                0x00006dfc                f_sync
 .text.f_close  0x00006f78       0x50 ./src/PlatformHandler/FatFs/ff.o
                0x00006f78                f_close
 .text.f_opendir
                0x00006fc8      0x118 ./src/PlatformHandler/FatFs/ff.o
                0x00006fc8                f_opendir
 .text.f_readdir
                0x000070e0       0xd8 ./src/PlatformHandler/FatFs/ff.o
                0x000070e0                f_readdir
 .text.f_getfree
                0x000071b8      0x1a8 ./src/PlatformHandler/FatFs/ff.o
                0x000071b8                f_getfree
 .text.f_unlink
                0x00007360      0x220 ./src/PlatformHandler/FatFs/ff.o
                0x00007360                f_unlink
 .text.f_mkfs   0x00007580      0xa00 ./src/PlatformHandler/FatFs/ff.o
                0x00007580                f_mkfs
 .text.ff_convert
                0x00007f80       0xa8 ./src/PlatformHandler/FatFs/ff_lfn_required.o
                0x00007f80                ff_convert
 .text.ff_wtoupper
                0x00008028       0x34 ./src/PlatformHandler/FatFs/ff_lfn_required.o
                0x00008028                ff_wtoupper
 .text.Chip_GPIO_SetPinState
                0x0000805c       0x3c ./src/PlatformHandler/dataflashHandler.o
 .text.Chip_GPIO_SetPinDIROutput
                0x00008098       0x50 ./src/PlatformHandler/dataflashHandler.o
 .text.DataFlash_Init
                0x000080e8       0x20 ./src/PlatformHandler/dataflashHandler.o
                0x000080e8                DataFlash_Init
 .text.write_to_flashbuf
                0x00008108       0xfc ./src/PlatformHandler/dataflashHandler.o
                0x00008108                write_to_flashbuf
 .text.Flash_WaitReady
                0x00008204       0x28 ./src/PlatformHandler/dataflashHandler.o
                0x00008204                Flash_WaitReady
 .text.read_from_flashbuf
                0x0000822c      0x104 ./src/PlatformHandler/dataflashHandler.o
                0x0000822c                read_from_flashbuf
 .text.DF_CS_INIT
                0x00008330       0x28 ./src/PlatformHandler/dataflashHandler.o
 .text.DF_CS_LOW
                0x00008358       0x18 ./src/PlatformHandler/dataflashHandler.o
 .text.DF_CS_HIGH
                0x00008370       0x18 ./src/PlatformHandler/dataflashHandler.o
 .text.DF_SPI_RW
                0x00008388       0x24 ./src/PlatformHandler/dataflashHandler.o
 .text.DF_SPI_RD
                0x000083ac       0x24 ./src/PlatformHandler/dataflashHandler.o
 .text.DF_Init  0x000083d0       0x14 ./src/PlatformHandler/dataflashHandler.o
                0x000083d0                DF_Init
 .text.df_read_status
                0x000083e4       0x98 ./src/PlatformHandler/dataflashHandler.o
                0x000083e4                df_read_status
 .text.DF_PageToBuffer
                0x0000847c       0x78 ./src/PlatformHandler/dataflashHandler.o
                0x0000847c                DF_PageToBuffer
 .text.DF_BufferToPage
                0x000084f4       0x78 ./src/PlatformHandler/dataflashHandler.o
                0x000084f4                DF_BufferToPage
 .text.DF_BufferReadStr
                0x0000856c       0x7c ./src/PlatformHandler/dataflashHandler.o
                0x0000856c                DF_BufferReadStr
 .text.DF_BufferWriteStr
                0x000085e8       0x74 ./src/PlatformHandler/dataflashHandler.o
                0x000085e8                DF_BufferWriteStr
 .text.iap_entry
                0x0000865c       0x20 ./src/PlatformHandler/eepromHandler.o
 .text.read_eeprom
                0x0000867c       0x90 ./src/PlatformHandler/eepromHandler.o
                0x0000867c                read_eeprom
 .text.write_eeprom
                0x0000870c       0x90 ./src/PlatformHandler/eepromHandler.o
                0x0000870c                write_eeprom
 .text.getMountedMemorySize
                0x0000879c       0x80 ./src/PlatformHandler/mmcHandler.o
                0x0000879c                getMountedMemorySize
 .text.flash_mount
                0x0000881c       0xa0 ./src/PlatformHandler/mmcHandler.o
                0x0000881c                flash_mount
 .text.Chip_SSP_Enable
                0x000088bc       0x1c ./src/PlatformHandler/spiHandler.o
 .text.Chip_SSP_SetFormat
                0x000088d8       0x30 ./src/PlatformHandler/spiHandler.o
 .text.Chip_GPIO_SetPinDIROutput
                0x00008908       0x50 ./src/PlatformHandler/spiHandler.o
 .text.Init_SSP_PinMux
                0x00008958       0x60 ./src/PlatformHandler/spiHandler.o
 .text.SPI_Init
                0x000089b8       0x48 ./src/PlatformHandler/spiHandler.o
                0x000089b8                SPI_Init
 .text.NVIC_SetPriority
                0x00008a00       0xd4 ./src/W5500EVB.o
 .text.SysTick_Config
                0x00008ad4       0x48 ./src/W5500EVB.o
 .text.main     0x00008b1c       0xf4 ./src/W5500EVB.o
                0x00008b1c                main
 .text.display_SDcard_Info
                0x00008c10       0xd4 ./src/W5500EVB.o
 .text.Check_Buttons_Pressed
                0x00008ce4       0x60 ./src/W5500EVB.o
 .text.SysTick_Handler
                0x00008d44       0x78 ./src/W5500EVB.o
                0x00008d44                SysTick_Handler
 .text.check_spiflash_flag
                0x00008dbc       0x3c ./src/W5500EVB.o
                0x00008dbc                check_spiflash_flag
 .text.save_spiflash_flag
                0x00008df8       0x24 ./src/W5500EVB.o
                0x00008df8                save_spiflash_flag
 .text.release_factory_flag
                0x00008e1c       0x24 ./src/W5500EVB.o
                0x00008e1c                release_factory_flag
 .text.__aeabi_idiv
                0x00008e40       0x10 ./src/aeabi_romdiv_patch.o
                0x00008e40                __aeabi_idivmod
                0x00008e40                __aeabi_idiv
 .text.__aeabi_uidiv
                0x00008e50       0x10 ./src/aeabi_romdiv_patch.o
                0x00008e50                __aeabi_uidivmod
                0x00008e50                __aeabi_uidiv
 .text.SystemInit
                0x00008e60        0xc ./src/sysinit.o
                0x00008e60                SystemInit
 .text.Chip_GPIO_SetPinState
                0x00008e6c       0x3c ./src/w5500_init.o
 .text.wizchip_select
                0x00008ea8       0x18 ./src/w5500_init.o
 .text.wizchip_deselect
                0x00008ec0       0x18 ./src/w5500_init.o
 .text.wizchip_read
                0x00008ed8       0x24 ./src/w5500_init.o
 .text.wizchip_write
                0x00008efc       0x24 ./src/w5500_init.o
 .text.wizchip_readburst
                0x00008f20       0x2c ./src/w5500_init.o
 .text.wizchip_writeburst
                0x00008f4c       0x2c ./src/w5500_init.o
 .text.delay_cnt
                0x00008f78       0x1c ./src/w5500_init.o
                0x00008f78                delay_cnt
 .text.Display_Net_Conf
                0x00008f94      0x140 ./src/w5500_init.o
                0x00008f94                Display_Net_Conf
 .text.Net_Conf
                0x000090d4       0x28 ./src/w5500_init.o
                0x000090d4                Net_Conf
 .text.W5500_Init
                0x000090fc       0xb8 ./src/w5500_init.o
                0x000090fc                W5500_Init
 .text.Chip_UART_TXEnable
                0x000091b4       0x14 D:\github\FTP_LPC11E36_LPCXpresso\wiznet_evb_w5500evb_board\Debug\libwiznet_evb_w5500evb_board.a(board.o)
 .text.Chip_UART_SetupFIFOS
                0x000091c8       0x18 D:\github\FTP_LPC11E36_LPCXpresso\wiznet_evb_w5500evb_board\Debug\libwiznet_evb_w5500evb_board.a(board.o)
 .text.Chip_UART_ConfigData
                0x000091e0       0x18 D:\github\FTP_LPC11E36_LPCXpresso\wiznet_evb_w5500evb_board\Debug\libwiznet_evb_w5500evb_board.a(board.o)
 .text.Chip_GPIO_SetPinState
                0x000091f8       0x3c D:\github\FTP_LPC11E36_LPCXpresso\wiznet_evb_w5500evb_board\Debug\libwiznet_evb_w5500evb_board.a(board.o)
 .text.Chip_GPIO_GetPinState
                0x00009234       0x38 D:\github\FTP_LPC11E36_LPCXpresso\wiznet_evb_w5500evb_board\Debug\libwiznet_evb_w5500evb_board.a(board.o)
 .text.Chip_GPIO_SetPinDIROutput
                0x0000926c       0x50 D:\github\FTP_LPC11E36_LPCXpresso\wiznet_evb_w5500evb_board\Debug\libwiznet_evb_w5500evb_board.a(board.o)
 .text.Chip_GPIO_SetPinDIRInput
                0x000092bc       0x50 D:\github\FTP_LPC11E36_LPCXpresso\wiznet_evb_w5500evb_board\Debug\libwiznet_evb_w5500evb_board.a(board.o)
 .text.__sys_write
                0x0000930c       0x38 D:\github\FTP_LPC11E36_LPCXpresso\wiznet_evb_w5500evb_board\Debug\libwiznet_evb_w5500evb_board.a(board.o)
                0x0000930c                __sys_write
 .text.Board_UARTPutChar
                0x00009344       0x24 D:\github\FTP_LPC11E36_LPCXpresso\wiznet_evb_w5500evb_board\Debug\libwiznet_evb_w5500evb_board.a(board.o)
                0x00009344                Board_UARTPutChar
 .text.Board_UARTGetCharBlocking
                0x00009368       0x30 D:\github\FTP_LPC11E36_LPCXpresso\wiznet_evb_w5500evb_board\Debug\libwiznet_evb_w5500evb_board.a(board.o)
                0x00009368                Board_UARTGetCharBlocking
 .text.Board_Debug_Init
                0x00009398       0x60 D:\github\FTP_LPC11E36_LPCXpresso\wiznet_evb_w5500evb_board\Debug\libwiznet_evb_w5500evb_board.a(board.o)
                0x00009398                Board_Debug_Init
 .text.Board_LED_Init
                0x000093f8       0x5c D:\github\FTP_LPC11E36_LPCXpresso\wiznet_evb_w5500evb_board\Debug\libwiznet_evb_w5500evb_board.a(board.o)
 .text.Board_LED_Set
                0x00009454       0x60 D:\github\FTP_LPC11E36_LPCXpresso\wiznet_evb_w5500evb_board\Debug\libwiznet_evb_w5500evb_board.a(board.o)
                0x00009454                Board_LED_Set
 .text.Board_Init
                0x000094b4       0x34 D:\github\FTP_LPC11E36_LPCXpresso\wiznet_evb_w5500evb_board\Debug\libwiznet_evb_w5500evb_board.a(board.o)
                0x000094b4                Board_Init
 .text.Board_Buttons_Init
                0x000094e8       0x24 D:\github\FTP_LPC11E36_LPCXpresso\wiznet_evb_w5500evb_board\Debug\libwiznet_evb_w5500evb_board.a(board.o)
                0x000094e8                Board_Buttons_Init
 .text.Buttons_GetStatus
                0x0000950c       0x68 D:\github\FTP_LPC11E36_LPCXpresso\wiznet_evb_w5500evb_board\Debug\libwiznet_evb_w5500evb_board.a(board.o)
                0x0000950c                Buttons_GetStatus
 .text.Chip_FMC_SetFLASHAccess
                0x00009574       0x2c D:\github\FTP_LPC11E36_LPCXpresso\wiznet_evb_w5500evb_board\Debug\libwiznet_evb_w5500evb_board.a(board_sysinit.o)
 .text.Chip_Clock_SetupSystemPLL
                0x000095a0       0x34 D:\github\FTP_LPC11E36_LPCXpresso\wiznet_evb_w5500evb_board\Debug\libwiznet_evb_w5500evb_board.a(board_sysinit.o)
 .text.Chip_Clock_IsSystemPLLLocked
                0x000095d4       0x1c D:\github\FTP_LPC11E36_LPCXpresso\wiznet_evb_w5500evb_board\Debug\libwiznet_evb_w5500evb_board.a(board_sysinit.o)
 .text.Chip_Clock_SetSysClockDiv
                0x000095f0       0x18 D:\github\FTP_LPC11E36_LPCXpresso\wiznet_evb_w5500evb_board\Debug\libwiznet_evb_w5500evb_board.a(board_sysinit.o)
 .text.Chip_Clock_EnablePeriphClock
                0x00009608       0x30 D:\github\FTP_LPC11E36_LPCXpresso\wiznet_evb_w5500evb_board\Debug\libwiznet_evb_w5500evb_board.a(board_sysinit.o)
 .text.SystemSetupClocking
                0x00009638       0x64 D:\github\FTP_LPC11E36_LPCXpresso\wiznet_evb_w5500evb_board\Debug\libwiznet_evb_w5500evb_board.a(board_sysinit.o)
 .text.SystemSetupMuxing
                0x0000969c       0x58 D:\github\FTP_LPC11E36_LPCXpresso\wiznet_evb_w5500evb_board\Debug\libwiznet_evb_w5500evb_board.a(board_sysinit.o)
 .text.Board_SystemInit
                0x000096f4       0x18 D:\github\FTP_LPC11E36_LPCXpresso\wiznet_evb_w5500evb_board\Debug\libwiznet_evb_w5500evb_board.a(board_sysinit.o)
                0x000096f4                Board_SystemInit
 .text.SystemCoreClockUpdate
                0x0000970c       0x18 D:\github\FTP_LPC11E36_LPCXpresso\lpc_chip_11exx\Debug\liblpc_chip_11exx.a(chip_11xx.o)
                0x0000970c                SystemCoreClockUpdate
 .text.Chip_Clock_GetMainOscRate
                0x00009724       0x14 D:\github\FTP_LPC11E36_LPCXpresso\lpc_chip_11exx\Debug\liblpc_chip_11exx.a(clock_11xx.o)
 .text.Chip_Clock_GetIntOscRate
                0x00009738       0x10 D:\github\FTP_LPC11E36_LPCXpresso\lpc_chip_11exx\Debug\liblpc_chip_11exx.a(clock_11xx.o)
 .text.Chip_Clock_GetWDTLFORate
                0x00009748       0x48 D:\github\FTP_LPC11E36_LPCXpresso\lpc_chip_11exx\Debug\liblpc_chip_11exx.a(clock_11xx.o)
 .text.Chip_Clock_GetPLLFreq
                0x00009790       0x24 D:\github\FTP_LPC11E36_LPCXpresso\lpc_chip_11exx\Debug\liblpc_chip_11exx.a(clock_11xx.o)
 .text.Chip_Clock_SetSystemPLLSource
                0x000097b4       0x2c D:\github\FTP_LPC11E36_LPCXpresso\lpc_chip_11exx\Debug\liblpc_chip_11exx.a(clock_11xx.o)
                0x000097b4                Chip_Clock_SetSystemPLLSource
 .text.Chip_Clock_SetMainClockSource
                0x000097e0       0x2c D:\github\FTP_LPC11E36_LPCXpresso\lpc_chip_11exx\Debug\liblpc_chip_11exx.a(clock_11xx.o)
                0x000097e0                Chip_Clock_SetMainClockSource
 .text.Chip_Clock_GetWDTOSCRate
                0x0000980c       0x1c D:\github\FTP_LPC11E36_LPCXpresso\lpc_chip_11exx\Debug\liblpc_chip_11exx.a(clock_11xx.o)
                0x0000980c                Chip_Clock_GetWDTOSCRate
 .text.Chip_Clock_GetSystemPLLInClockRate
                0x00009828       0x40 D:\github\FTP_LPC11E36_LPCXpresso\lpc_chip_11exx\Debug\liblpc_chip_11exx.a(clock_11xx.o)
                0x00009828                Chip_Clock_GetSystemPLLInClockRate
 .text.Chip_Clock_GetSystemPLLOutClockRate
                0x00009868       0x24 D:\github\FTP_LPC11E36_LPCXpresso\lpc_chip_11exx\Debug\liblpc_chip_11exx.a(clock_11xx.o)
                0x00009868                Chip_Clock_GetSystemPLLOutClockRate
 .text.Chip_Clock_GetMainClockRate
                0x0000988c       0x64 D:\github\FTP_LPC11E36_LPCXpresso\lpc_chip_11exx\Debug\liblpc_chip_11exx.a(clock_11xx.o)
                0x0000988c                Chip_Clock_GetMainClockRate
 .text.Chip_Clock_GetSystemClockRate
                0x000098f0       0x24 D:\github\FTP_LPC11E36_LPCXpresso\lpc_chip_11exx\Debug\liblpc_chip_11exx.a(clock_11xx.o)
                0x000098f0                Chip_Clock_GetSystemClockRate
 .text.Chip_Clock_EnablePeriphClock
                0x00009914       0x30 D:\github\FTP_LPC11E36_LPCXpresso\lpc_chip_11exx\Debug\liblpc_chip_11exx.a(gpio_11xx_1.o)
 .text.Chip_GPIO_Init
                0x00009944       0x14 D:\github\FTP_LPC11E36_LPCXpresso\lpc_chip_11exx\Debug\liblpc_chip_11exx.a(gpio_11xx_1.o)
                0x00009944                Chip_GPIO_Init
 .text.Chip_IOCON_PinMuxSet
                0x00009958       0x50 D:\github\FTP_LPC11E36_LPCXpresso\lpc_chip_11exx\Debug\liblpc_chip_11exx.a(iocon_11xx.o)
                0x00009958                Chip_IOCON_PinMuxSet
 .text.Chip_SYSCTL_AssertPeriphReset
                0x000099a8       0x2c D:\github\FTP_LPC11E36_LPCXpresso\lpc_chip_11exx\Debug\liblpc_chip_11exx.a(ssp_11xx.o)
 .text.Chip_SYSCTL_DeassertPeriphReset
                0x000099d4       0x2c D:\github\FTP_LPC11E36_LPCXpresso\lpc_chip_11exx\Debug\liblpc_chip_11exx.a(ssp_11xx.o)
 .text.Chip_SYSCTL_PeriphReset
                0x00009a00       0x28 D:\github\FTP_LPC11E36_LPCXpresso\lpc_chip_11exx\Debug\liblpc_chip_11exx.a(ssp_11xx.o)
 .text.Chip_Clock_EnablePeriphClock
                0x00009a28       0x30 D:\github\FTP_LPC11E36_LPCXpresso\lpc_chip_11exx\Debug\liblpc_chip_11exx.a(ssp_11xx.o)
 .text.Chip_Clock_SetSSP0ClockDiv
                0x00009a58       0x1c D:\github\FTP_LPC11E36_LPCXpresso\lpc_chip_11exx\Debug\liblpc_chip_11exx.a(ssp_11xx.o)
 .text.Chip_Clock_GetSSP0ClockDiv
                0x00009a74       0x14 D:\github\FTP_LPC11E36_LPCXpresso\lpc_chip_11exx\Debug\liblpc_chip_11exx.a(ssp_11xx.o)
 .text.Chip_Clock_SetSSP1ClockDiv
                0x00009a88       0x1c D:\github\FTP_LPC11E36_LPCXpresso\lpc_chip_11exx\Debug\liblpc_chip_11exx.a(ssp_11xx.o)
 .text.Chip_Clock_GetSSP1ClockDiv
                0x00009aa4       0x14 D:\github\FTP_LPC11E36_LPCXpresso\lpc_chip_11exx\Debug\liblpc_chip_11exx.a(ssp_11xx.o)
 .text.Chip_SSP_GetStatus
                0x00009ab8       0x28 D:\github\FTP_LPC11E36_LPCXpresso\lpc_chip_11exx\Debug\liblpc_chip_11exx.a(ssp_11xx.o)
 .text.Chip_SSP_GetRawIntStatus
                0x00009ae0       0x28 D:\github\FTP_LPC11E36_LPCXpresso\lpc_chip_11exx\Debug\liblpc_chip_11exx.a(ssp_11xx.o)
 .text.Chip_SSP_GetDataSize
                0x00009b08       0x1c D:\github\FTP_LPC11E36_LPCXpresso\lpc_chip_11exx\Debug\liblpc_chip_11exx.a(ssp_11xx.o)
 .text.Chip_SSP_ClearIntPending
                0x00009b24       0x1c D:\github\FTP_LPC11E36_LPCXpresso\lpc_chip_11exx\Debug\liblpc_chip_11exx.a(ssp_11xx.o)
 .text.Chip_SSP_ReceiveFrame
                0x00009b40       0x18 D:\github\FTP_LPC11E36_LPCXpresso\lpc_chip_11exx\Debug\liblpc_chip_11exx.a(ssp_11xx.o)
 .text.Chip_SSP_SendFrame
                0x00009b58       0x1c D:\github\FTP_LPC11E36_LPCXpresso\lpc_chip_11exx\Debug\liblpc_chip_11exx.a(ssp_11xx.o)
 .text.Chip_SSP_SetFormat
                0x00009b74       0x30 D:\github\FTP_LPC11E36_LPCXpresso\lpc_chip_11exx\Debug\liblpc_chip_11exx.a(ssp_11xx.o)
 .text.Chip_SSP_Set_Mode
                0x00009ba4       0x24 D:\github\FTP_LPC11E36_LPCXpresso\lpc_chip_11exx\Debug\liblpc_chip_11exx.a(ssp_11xx.o)
 .text.Chip_SSP_GetClockIndex
                0x00009bc8       0x34 D:\github\FTP_LPC11E36_LPCXpresso\lpc_chip_11exx\Debug\liblpc_chip_11exx.a(ssp_11xx.o)
 .text.Chip_SSP_GetResetIndex
                0x00009bfc       0x34 D:\github\FTP_LPC11E36_LPCXpresso\lpc_chip_11exx\Debug\liblpc_chip_11exx.a(ssp_11xx.o)
 .text.Chip_SSP_SetSSPClkDivider
                0x00009c30       0x30 D:\github\FTP_LPC11E36_LPCXpresso\lpc_chip_11exx\Debug\liblpc_chip_11exx.a(ssp_11xx.o)
 .text.Chip_SSP_GetPCLKkRate
                0x00009c60       0x4c D:\github\FTP_LPC11E36_LPCXpresso\lpc_chip_11exx\Debug\liblpc_chip_11exx.a(ssp_11xx.o)
 .text.Chip_SSP_SetClockRate
                0x00009cac       0x38 D:\github\FTP_LPC11E36_LPCXpresso\lpc_chip_11exx\Debug\liblpc_chip_11exx.a(ssp_11xx.o)
                0x00009cac                Chip_SSP_SetClockRate
 .text.Chip_SSP_WriteFrames_Blocking
                0x00009ce4      0x154 D:\github\FTP_LPC11E36_LPCXpresso\lpc_chip_11exx\Debug\liblpc_chip_11exx.a(ssp_11xx.o)
                0x00009ce4                Chip_SSP_WriteFrames_Blocking
 .text.Chip_SSP_ReadFrames_Blocking
                0x00009e38      0x168 D:\github\FTP_LPC11E36_LPCXpresso\lpc_chip_11exx\Debug\liblpc_chip_11exx.a(ssp_11xx.o)
                0x00009e38                Chip_SSP_ReadFrames_Blocking
 .text.Chip_SSP_SetMaster
                0x00009fa0       0x34 D:\github\FTP_LPC11E36_LPCXpresso\lpc_chip_11exx\Debug\liblpc_chip_11exx.a(ssp_11xx.o)
                0x00009fa0                Chip_SSP_SetMaster
 .text.Chip_SSP_SetBitRate
                0x00009fd4       0x78 D:\github\FTP_LPC11E36_LPCXpresso\lpc_chip_11exx\Debug\liblpc_chip_11exx.a(ssp_11xx.o)
                0x00009fd4                Chip_SSP_SetBitRate
 .text.Chip_SSP_Init
                0x0000a04c       0x60 D:\github\FTP_LPC11E36_LPCXpresso\lpc_chip_11exx\Debug\liblpc_chip_11exx.a(ssp_11xx.o)
                0x0000a04c                Chip_SSP_Init
 .text.Chip_SYSCTL_PowerDown
                0x0000a0ac       0x3c D:\github\FTP_LPC11E36_LPCXpresso\lpc_chip_11exx\Debug\liblpc_chip_11exx.a(sysctl_11xx.o)
                0x0000a0ac                Chip_SYSCTL_PowerDown
 .text.Chip_SYSCTL_PowerUp
                0x0000a0e8       0x40 D:\github\FTP_LPC11E36_LPCXpresso\lpc_chip_11exx\Debug\liblpc_chip_11exx.a(sysctl_11xx.o)
                0x0000a0e8                Chip_SYSCTL_PowerUp
 .text.Chip_Clock_EnablePeriphClock
                0x0000a128       0x30 D:\github\FTP_LPC11E36_LPCXpresso\lpc_chip_11exx\Debug\liblpc_chip_11exx.a(uart_11xx.o)
 .text.Chip_Clock_SetUARTClockDiv
                0x0000a158       0x1c D:\github\FTP_LPC11E36_LPCXpresso\lpc_chip_11exx\Debug\liblpc_chip_11exx.a(uart_11xx.o)
 .text.Chip_UART_SendByte
                0x0000a174       0x1c D:\github\FTP_LPC11E36_LPCXpresso\lpc_chip_11exx\Debug\liblpc_chip_11exx.a(uart_11xx.o)
 .text.Chip_UART_ReadByte
                0x0000a190       0x18 D:\github\FTP_LPC11E36_LPCXpresso\lpc_chip_11exx\Debug\liblpc_chip_11exx.a(uart_11xx.o)
 .text.Chip_UART_SetupFIFOS
                0x0000a1a8       0x18 D:\github\FTP_LPC11E36_LPCXpresso\lpc_chip_11exx\Debug\liblpc_chip_11exx.a(uart_11xx.o)
 .text.Chip_UART_ConfigData
                0x0000a1c0       0x18 D:\github\FTP_LPC11E36_LPCXpresso\lpc_chip_11exx\Debug\liblpc_chip_11exx.a(uart_11xx.o)
 .text.Chip_UART_EnableDivisorAccess
                0x0000a1d8       0x1c D:\github\FTP_LPC11E36_LPCXpresso\lpc_chip_11exx\Debug\liblpc_chip_11exx.a(uart_11xx.o)
 .text.Chip_UART_DisableDivisorAccess
                0x0000a1f4       0x1c D:\github\FTP_LPC11E36_LPCXpresso\lpc_chip_11exx\Debug\liblpc_chip_11exx.a(uart_11xx.o)
 .text.Chip_UART_SetDivisorLatches
                0x0000a210       0x30 D:\github\FTP_LPC11E36_LPCXpresso\lpc_chip_11exx\Debug\liblpc_chip_11exx.a(uart_11xx.o)
 .text.Chip_UART_ReadLineStatus
                0x0000a240       0x14 D:\github\FTP_LPC11E36_LPCXpresso\lpc_chip_11exx\Debug\liblpc_chip_11exx.a(uart_11xx.o)
 .text.Chip_UART_Init
                0x0000a254       0x34 D:\github\FTP_LPC11E36_LPCXpresso\lpc_chip_11exx\Debug\liblpc_chip_11exx.a(uart_11xx.o)
                0x0000a254                Chip_UART_Init
 .text.Chip_UART_Send
                0x0000a288       0x54 D:\github\FTP_LPC11E36_LPCXpresso\lpc_chip_11exx\Debug\liblpc_chip_11exx.a(uart_11xx.o)
                0x0000a288                Chip_UART_Send
 .text.Chip_UART_SendBlocking
                0x0000a2dc       0x54 D:\github\FTP_LPC11E36_LPCXpresso\lpc_chip_11exx\Debug\liblpc_chip_11exx.a(uart_11xx.o)
                0x0000a2dc                Chip_UART_SendBlocking
 .text.Chip_UART_Read
                0x0000a330       0x54 D:\github\FTP_LPC11E36_LPCXpresso\lpc_chip_11exx\Debug\liblpc_chip_11exx.a(uart_11xx.o)
                0x0000a330                Chip_UART_Read
 .text.Chip_UART_ReadBlocking
                0x0000a384       0x54 D:\github\FTP_LPC11E36_LPCXpresso\lpc_chip_11exx\Debug\liblpc_chip_11exx.a(uart_11xx.o)
                0x0000a384                Chip_UART_ReadBlocking
 .text.Chip_UART_SetBaud
                0x0000a3d8       0x68 D:\github\FTP_LPC11E36_LPCXpresso\lpc_chip_11exx\Debug\liblpc_chip_11exx.a(uart_11xx.o)
                0x0000a3d8                Chip_UART_SetBaud
 .text.__main   0x0000a440       0x12 c:/nxp/lpcxpresso_7.6.0_321/lpcxpresso/tools/bin/../lib/gcc/arm-none-eabi/4.9.3/../../../../arm-none-eabi/lib/armv6-m\libcr_nohost.a(_cr__main.o)
                0x0000a440                __main
 .text.memcpy   0x0000a452        0x8 c:/nxp/lpcxpresso_7.6.0_321/lpcxpresso/tools/bin/../lib/gcc/arm-none-eabi/4.9.3/../../../../arm-none-eabi/lib/armv6-m\libcr_c.a(memcpy.o)
                0x0000a452                memcpy
 .text.memset   0x0000a45a        0x8 c:/nxp/lpcxpresso_7.6.0_321/lpcxpresso/tools/bin/../lib/gcc/arm-none-eabi/4.9.3/../../../../arm-none-eabi/lib/armv6-m\libcr_c.a(memset.o)
                0x0000a45a                memset
 *fill*         0x0000a462        0x2 
 .text.malloc   0x0000a464       0xc4 c:/nxp/lpcxpresso_7.6.0_321/lpcxpresso/tools/bin/../lib/gcc/arm-none-eabi/4.9.3/../../../../arm-none-eabi/lib/armv6-m\libcr_c.a(alloc.o)
                0x0000a464                malloc
 .text.free     0x0000a528       0x30 c:/nxp/lpcxpresso_7.6.0_321/lpcxpresso/tools/bin/../lib/gcc/arm-none-eabi/4.9.3/../../../../arm-none-eabi/lib/armv6-m\libcr_c.a(alloc.o)
                0x0000a528                free
 .text._Csys_alloc
                0x0000a558       0x20 c:/nxp/lpcxpresso_7.6.0_321/lpcxpresso/tools/bin/../lib/gcc/arm-none-eabi/4.9.3/../../../../arm-none-eabi/lib/armv6-m\libcr_c.a(alloc.o)
                0x0000a558                _Csys_alloc
 .text.fp_round
                0x0000a578       0x48 c:/nxp/lpcxpresso_7.6.0_321/lpcxpresso/tools/bin/../lib/gcc/arm-none-eabi/4.9.3/../../../../arm-none-eabi/lib/armv6-m\libcr_c.a(fpprintf.o)
 .text.pr_dec.constprop.1
                0x0000a5c0       0x28 c:/nxp/lpcxpresso_7.6.0_321/lpcxpresso/tools/bin/../lib/gcc/arm-none-eabi/4.9.3/../../../../arm-none-eabi/lib/armv6-m\libcr_c.a(fpprintf.o)
 .text.sprintf  0x0000a5e8       0x70 c:/nxp/lpcxpresso_7.6.0_321/lpcxpresso/tools/bin/../lib/gcc/arm-none-eabi/4.9.3/../../../../arm-none-eabi/lib/armv6-m\libcr_c.a(fpprintf.o)
                0x0000a5e8                sprintf
 .text.fp_display
                0x0000a658      0x980 c:/nxp/lpcxpresso_7.6.0_321/lpcxpresso/tools/bin/../lib/gcc/arm-none-eabi/4.9.3/../../../../arm-none-eabi/lib/armv6-m\libcr_c.a(fpprintf.o)
 .text.vsnprintf
                0x0000afd8       0x5c c:/nxp/lpcxpresso_7.6.0_321/lpcxpresso/tools/bin/../lib/gcc/arm-none-eabi/4.9.3/../../../../arm-none-eabi/lib/armv6-m\libcr_c.a(fpprintf.o)
                0x0000afd8                vsnprintf
 .text.printf   0x0000b034       0x50 c:/nxp/lpcxpresso_7.6.0_321/lpcxpresso/tools/bin/../lib/gcc/arm-none-eabi/4.9.3/../../../../arm-none-eabi/lib/armv6-m\libcr_c.a(fpprintf.o)
                0x0000b034                printf
 .text._initio  0x0000b084       0xa4 c:/nxp/lpcxpresso_7.6.0_321/lpcxpresso/tools/bin/../lib/gcc/arm-none-eabi/4.9.3/../../../../arm-none-eabi/lib/armv6-m\libcr_c.a(initio.o)
                0x0000b084                _initio
 .text.__vfprintf
                0x0000b128      0xd4c c:/nxp/lpcxpresso_7.6.0_321/lpcxpresso/tools/bin/../lib/gcc/arm-none-eabi/4.9.3/../../../../arm-none-eabi/lib/armv6-m\libcr_c.a(printf.o)
                0x0000b128                __vfprintf
 .text.ch_val   0x0000be74       0x30 c:/nxp/lpcxpresso_7.6.0_321/lpcxpresso/tools/bin/../lib/gcc/arm-none-eabi/4.9.3/../../../../arm-none-eabi/lib/armv6-m\libcr_c.a(scanf.o)
 .text._strtoul
                0x0000bea4       0xcc c:/nxp/lpcxpresso_7.6.0_321/lpcxpresso/tools/bin/../lib/gcc/arm-none-eabi/4.9.3/../../../../arm-none-eabi/lib/armv6-m\libcr_c.a(scanf.o)
 .text.strtol   0x0000bf70       0x80 c:/nxp/lpcxpresso_7.6.0_321/lpcxpresso/tools/bin/../lib/gcc/arm-none-eabi/4.9.3/../../../../arm-none-eabi/lib/armv6-m\libcr_c.a(scanf.o)
                0x0000bf70                strtol
 .text.atoi     0x0000bff0       0x18 c:/nxp/lpcxpresso_7.6.0_321/lpcxpresso/tools/bin/../lib/gcc/arm-none-eabi/4.9.3/../../../../arm-none-eabi/lib/armv6-m\libcr_c.a(scanf.o)
                0x0000bff0                atoi
 .text.setvbuf  0x0000c008       0x48 c:/nxp/lpcxpresso_7.6.0_321/lpcxpresso/tools/bin/../lib/gcc/arm-none-eabi/4.9.3/../../../../arm-none-eabi/lib/armv6-m\libcr_c.a(setvbuf.o)
                0x0000c008                setvbuf
 .text.strcpy   0x0000c050       0x44 c:/nxp/lpcxpresso_7.6.0_321/lpcxpresso/tools/bin/../lib/gcc/arm-none-eabi/4.9.3/../../../../arm-none-eabi/lib/armv6-m\libcr_c.a(strcpy.o)
                0x0000c050                strcpy
 .text.strlen   0x0000c094       0x54 c:/nxp/lpcxpresso_7.6.0_321/lpcxpresso/tools/bin/../lib/gcc/arm-none-eabi/4.9.3/../../../../arm-none-eabi/lib/armv6-m\libcr_c.a(strlen.o)
                0x0000c094                strlen
 .text.strtok   0x0000c0e8       0x44 c:/nxp/lpcxpresso_7.6.0_321/lpcxpresso/tools/bin/../lib/gcc/arm-none-eabi/4.9.3/../../../../arm-none-eabi/lib/armv6-m\libcr_c.a(strtok.o)
                0x0000c0e8                strtok
 .text._sbrk    0x0000c12c       0x40 c:/nxp/lpcxpresso_7.6.0_321/lpcxpresso/tools/bin/../lib/gcc/arm-none-eabi/4.9.3/../../../../arm-none-eabi/lib/armv6-m\libcr_c.a(_cr_sbrk.o)
                0x0000c12c                _sbrk
 .text._deferredlazyseek
                0x0000c16c       0x44 c:/nxp/lpcxpresso_7.6.0_321/lpcxpresso/tools/bin/../lib/gcc/arm-none-eabi/4.9.3/../../../../arm-none-eabi/lib/armv6-m\libcr_c.a(_deferredlazyseek.o)
                0x0000c16c                _deferredlazyseek
 .text.__flsbuf
                0x0000c1b0      0x154 c:/nxp/lpcxpresso_7.6.0_321/lpcxpresso/tools/bin/../lib/gcc/arm-none-eabi/4.9.3/../../../../arm-none-eabi/lib/armv6-m\libcr_c.a(_deferredlazyseek.o)
                0x0000c1b0                __flsbuf
 .text._fdopen  0x0000c304       0x68 c:/nxp/lpcxpresso_7.6.0_321/lpcxpresso/tools/bin/../lib/gcc/arm-none-eabi/4.9.3/../../../../arm-none-eabi/lib/armv6-m\libcr_c.a(_fdopen.o)
                0x0000c304                _fdopen
 .text._fflush  0x0000c36c       0x64 c:/nxp/lpcxpresso_7.6.0_321/lpcxpresso/tools/bin/../lib/gcc/arm-none-eabi/4.9.3/../../../../arm-none-eabi/lib/armv6-m\libcr_c.a(_fflush.o)
                0x0000c36c                _fflush
 .text._frexpl  0x0000c3d0       0x80 c:/nxp/lpcxpresso_7.6.0_321/lpcxpresso/tools/bin/../lib/gcc/arm-none-eabi/4.9.3/../../../../arm-none-eabi/lib/armv6-m\libcr_c.a(_frexpl.o)
                0x0000c3d0                _frexpl
 .text._ldexpl  0x0000c450       0x60 c:/nxp/lpcxpresso_7.6.0_321/lpcxpresso/tools/bin/../lib/gcc/arm-none-eabi/4.9.3/../../../../arm-none-eabi/lib/armv6-m\libcr_c.a(_ldexpl.o)
                0x0000c450                _ldexpl
 .text._Cwritebuf
                0x0000c4b0       0x6c c:/nxp/lpcxpresso_7.6.0_321/lpcxpresso/tools/bin/../lib/gcc/arm-none-eabi/4.9.3/../../../../arm-none-eabi/lib/armv6-m\libcr_c.a(_writebuf.o)
                0x0000c4b0                _Cwritebuf
 .text.fclose   0x0000c51c       0x70 c:/nxp/lpcxpresso_7.6.0_321/lpcxpresso/tools/bin/../lib/gcc/arm-none-eabi/4.9.3/../../../../arm-none-eabi/lib/armv6-m\libcr_c.a(fclose.o)
                0x0000c51c                fclose
 .text.fflush   0x0000c58c       0x34 c:/nxp/lpcxpresso_7.6.0_321/lpcxpresso/tools/bin/../lib/gcc/arm-none-eabi/4.9.3/../../../../arm-none-eabi/lib/armv6-m\libcr_c.a(fflush.o)
                0x0000c58c                fflush
 .text.fseek    0x0000c5c0       0xf8 c:/nxp/lpcxpresso_7.6.0_321/lpcxpresso/tools/bin/../lib/gcc/arm-none-eabi/4.9.3/../../../../arm-none-eabi/lib/armv6-m\libcr_c.a(fseek.o)
                0x0000c5c0                fseek
 .text.ftell    0x0000c6b8       0x4c c:/nxp/lpcxpresso_7.6.0_321/lpcxpresso/tools/bin/../lib/gcc/arm-none-eabi/4.9.3/../../../../arm-none-eabi/lib/armv6-m\libcr_c.a(ftell.o)
                0x0000c6b8                ftell
 .text.remove   0x0000c704       0x12 c:/nxp/lpcxpresso_7.6.0_321/lpcxpresso/tools/bin/../lib/gcc/arm-none-eabi/4.9.3/../../../../arm-none-eabi/lib/armv6-m\libcr_c.a(remove.o)
                0x0000c704                remove
 .text.strcspn  0x0000c716       0x22 c:/nxp/lpcxpresso_7.6.0_321/lpcxpresso/tools/bin/../lib/gcc/arm-none-eabi/4.9.3/../../../../arm-none-eabi/lib/armv6-m\libcr_c.a(strcspn.o)
                0x0000c716                strcspn
 .text.strspn   0x0000c738       0x22 c:/nxp/lpcxpresso_7.6.0_321/lpcxpresso/tools/bin/../lib/gcc/arm-none-eabi/4.9.3/../../../../arm-none-eabi/lib/armv6-m\libcr_c.a(strspn.o)
                0x0000c738                strspn
 *fill*         0x0000c75a        0x2 
 .text.__check_heap_overflow
                0x0000c75c       0x18 c:/nxp/lpcxpresso_7.6.0_321/lpcxpresso/tools/bin/../lib/gcc/arm-none-eabi/4.9.3/../../../../arm-none-eabi/lib/armv6-m\libcr_c.a(_cr_check_heap.o)
                0x0000c75c                __check_heap_overflow
 .text._do_fflush
                0x0000c774       0x48 c:/nxp/lpcxpresso_7.6.0_321/lpcxpresso/tools/bin/../lib/gcc/arm-none-eabi/4.9.3/../../../../arm-none-eabi/lib/armv6-m\libcr_c.a(_do_fflush.o)
                0x0000c774                _do_fflush
 *fill*         0x0000c7bc        0x4 
 .text.__aeabi_dmul
                0x0000c7c0      0x188 c:/nxp/lpcxpresso_7.6.0_321/lpcxpresso/tools/bin/../lib/gcc/arm-none-eabi/4.9.3/armv6-m\libcr_eabihelpers.a(double.o)
                0x0000c7c0                __aeabi_dmul
 .text.__aeabi_ddiv
                0x0000c948      0x160 c:/nxp/lpcxpresso_7.6.0_321/lpcxpresso/tools/bin/../lib/gcc/arm-none-eabi/4.9.3/armv6-m\libcr_eabihelpers.a(double.o)
                0x0000c948                __aeabi_ddiv
 .text.__aeabi_dsub
                0x0000caa8      0x1e8 c:/nxp/lpcxpresso_7.6.0_321/lpcxpresso/tools/bin/../lib/gcc/arm-none-eabi/4.9.3/armv6-m\libcr_eabihelpers.a(double.o)
                0x0000caa8                __aeabi_dsub
 .text.__aeabi_dadd
                0x0000cc90      0x148 c:/nxp/lpcxpresso_7.6.0_321/lpcxpresso/tools/bin/../lib/gcc/arm-none-eabi/4.9.3/armv6-m\libcr_eabihelpers.a(double.o)
                0x0000cc90                __aeabi_dadd
 .text.__aeabi_d2iz
                0x0000cdd8       0x48 c:/nxp/lpcxpresso_7.6.0_321/lpcxpresso/tools/bin/../lib/gcc/arm-none-eabi/4.9.3/armv6-m\libcr_eabihelpers.a(double.o)
                0x0000cdd8                __aeabi_d2iz
 .text.__bhs_ui2d
                0x0000ce20       0x5e c:/nxp/lpcxpresso_7.6.0_321/lpcxpresso/tools/bin/../lib/gcc/arm-none-eabi/4.9.3/armv6-m\libcr_eabihelpers.a(double.o)
                0x0000ce20                __bhs_ui2d
 .text.__aeabi_i2d
                0x0000ce7e       0x16 c:/nxp/lpcxpresso_7.6.0_321/lpcxpresso/tools/bin/../lib/gcc/arm-none-eabi/4.9.3/armv6-m\libcr_eabihelpers.a(double.o)
                0x0000ce7e                __aeabi_i2d
 .text.__aeabi_dcmpeq
                0x0000ce94       0x38 c:/nxp/lpcxpresso_7.6.0_321/lpcxpresso/tools/bin/../lib/gcc/arm-none-eabi/4.9.3/armv6-m\libcr_eabihelpers.a(double.o)
                0x0000ce94                __aeabi_dcmpeq
 .text.__aeabi_dcmplt
                0x0000cecc       0x78 c:/nxp/lpcxpresso_7.6.0_321/lpcxpresso/tools/bin/../lib/gcc/arm-none-eabi/4.9.3/armv6-m\libcr_eabihelpers.a(double.o)
                0x0000cecc                __aeabi_dcmplt
 .text.__aeabi_dcmple
                0x0000cf44       0x78 c:/nxp/lpcxpresso_7.6.0_321/lpcxpresso/tools/bin/../lib/gcc/arm-none-eabi/4.9.3/armv6-m\libcr_eabihelpers.a(double.o)
                0x0000cf44                __aeabi_dcmple
 .text.__aeabi_dcmpge
                0x0000cfbc       0x70 c:/nxp/lpcxpresso_7.6.0_321/lpcxpresso/tools/bin/../lib/gcc/arm-none-eabi/4.9.3/armv6-m\libcr_eabihelpers.a(double.o)
                0x0000cfbc                __aeabi_dcmpge
 .text.__aeabi_llong_lmul
                0x0000d02c       0x2e c:/nxp/lpcxpresso_7.6.0_321/lpcxpresso/tools/bin/../lib/gcc/arm-none-eabi/4.9.3/armv6-m\libcr_eabihelpers.a(llong.o)
                0x0000d02c                __aeabi_lmul
 .text.__aeabi_memcpy
                0x0000d05a       0x2c c:/nxp/lpcxpresso_7.6.0_321/lpcxpresso/tools/bin/../lib/gcc/arm-none-eabi/4.9.3/armv6-m\libcr_eabihelpers.a(memcpy.o)
                0x0000d05a                __aeabi_memcpy4
                0x0000d05a                __aeabi_memcpy8
                0x0000d05a                __aeabi_memcpy
 .text.__aeabi_memset_lowlevel
                0x0000d086       0x2a c:/nxp/lpcxpresso_7.6.0_321/lpcxpresso/tools/bin/../lib/gcc/arm-none-eabi/4.9.3/armv6-m\libcr_eabihelpers.a(memcpy.o)
                0x0000d086                __aeabi_lowlevel_memset
 .text.__sys_appexit
                0x0000d0b0        0x2 c:/nxp/lpcxpresso_7.6.0_321/lpcxpresso/tools/bin/../lib/gcc/arm-none-eabi/4.9.3/../../../../arm-none-eabi/lib/armv6-m\libcr_nohost.a(__sys_appexit.o)
                0x0000d0b0                __sys_appexit
                0x0000d0b0                __exit
 .text.__sys_close
                0x0000d0b2        0x6 c:/nxp/lpcxpresso_7.6.0_321/lpcxpresso/tools/bin/../lib/gcc/arm-none-eabi/4.9.3/../../../../arm-none-eabi/lib/armv6-m\libcr_nohost.a(__sys_close.o)
                0x0000d0b2                __sys_close
 .text.__sys_flen
                0x0000d0b8        0x6 c:/nxp/lpcxpresso_7.6.0_321/lpcxpresso/tools/bin/../lib/gcc/arm-none-eabi/4.9.3/../../../../arm-none-eabi/lib/armv6-m\libcr_nohost.a(__sys_flen.o)
                0x0000d0b8                __sys_flen
 .text.__sys_istty
                0x0000d0be        0x6 c:/nxp/lpcxpresso_7.6.0_321/lpcxpresso/tools/bin/../lib/gcc/arm-none-eabi/4.9.3/../../../../arm-none-eabi/lib/armv6-m\libcr_nohost.a(__sys_istty.o)
                0x0000d0be                __sys_istty
 .text.__sys_remove
                0x0000d0c4        0x6 c:/nxp/lpcxpresso_7.6.0_321/lpcxpresso/tools/bin/../lib/gcc/arm-none-eabi/4.9.3/../../../../arm-none-eabi/lib/armv6-m\libcr_nohost.a(__sys_remove.o)
                0x0000d0c4                __sys_remove
 .text.__sys_seek
                0x0000d0ca        0x6 c:/nxp/lpcxpresso_7.6.0_321/lpcxpresso/tools/bin/../lib/gcc/arm-none-eabi/4.9.3/../../../../arm-none-eabi/lib/armv6-m\libcr_nohost.a(__sys_seek.o)
                0x0000d0ca                __sys_seek
 .text.__sys_tmpnam
                0x0000d0d0        0x6 c:/nxp/lpcxpresso_7.6.0_321/lpcxpresso/tools/bin/../lib/gcc/arm-none-eabi/4.9.3/../../../../arm-none-eabi/lib/armv6-m\libcr_nohost.a(__sys_tmpnam.o)
                0x0000d0d0                __sys_tmpnam
 *(.rodata .rodata.* .constdata .constdata.*)
 *fill*         0x0000d0d6        0x2 
 .rodata        0x0000d0d8      0x700 ./src/ioLibrary/Internet/FTPServer/ftpd.o
 .rodata.ctlwizchip
                0x0000d7d8       0x40 ./src/ioLibrary/Ethernet/wizchip_conf.o
 .rodata.ctlnetwork
                0x0000d818       0x18 ./src/ioLibrary/Ethernet/wizchip_conf.o
 .rodata.LfnOfs
                0x0000d830       0x10 ./src/PlatformHandler/FatFs/ff.o
 .rodata        0x0000d840       0xdc ./src/PlatformHandler/FatFs/ff.o
 .rodata.scan_files
                0x0000d91c       0x34 ./src/PlatformHandler/FatFs/ff.o
 .rodata.vst.4447
                0x0000d950       0x18 ./src/PlatformHandler/FatFs/ff.o
 .rodata.cst.4448
                0x0000d968       0x18 ./src/PlatformHandler/FatFs/ff.o
 .rodata.Tbl    0x0000d980      0x100 ./src/PlatformHandler/FatFs/ff_lfn_required.o
 .rodata        0x0000da80       0x40 ./src/PlatformHandler/dataflashHandler.o
 .rodata        0x0000dac0       0x24 ./src/PlatformHandler/mmcHandler.o
 .rodata        0x0000dae4      0x10c ./src/W5500EVB.o
 .rodata.display_SDcard_Info
                0x0000dbf0       0x18 ./src/W5500EVB.o
 .rodata        0x0000dc08       0xf0 ./src/w5500_init.o
 .rodata.OscRateIn
                0x0000dcf8        0x4 D:\github\FTP_LPC11E36_LPCXpresso\wiznet_evb_w5500evb_board\Debug\libwiznet_evb_w5500evb_board.a(board.o)
                0x0000dcf8                OscRateIn
 .rodata.ledports
                0x0000dcfc        0x4 D:\github\FTP_LPC11E36_LPCXpresso\wiznet_evb_w5500evb_board\Debug\libwiznet_evb_w5500evb_board.a(board.o)
 .rodata.ledpins
                0x0000dd00        0x4 D:\github\FTP_LPC11E36_LPCXpresso\wiznet_evb_w5500evb_board\Debug\libwiznet_evb_w5500evb_board.a(board.o)
 .rodata.pinmuxing
                0x0000dd04       0x3c D:\github\FTP_LPC11E36_LPCXpresso\wiznet_evb_w5500evb_board\Debug\libwiznet_evb_w5500evb_board.a(board_sysinit.o)
 .rodata.wdtOSCRate
                0x0000dd40       0x40 D:\github\FTP_LPC11E36_LPCXpresso\lpc_chip_11exx\Debug\liblpc_chip_11exx.a(clock_11xx.o)
 .rodata.str1.1
                0x0000dd80       0x18 c:/nxp/lpcxpresso_7.6.0_321/lpcxpresso/tools/bin/../lib/gcc/arm-none-eabi/4.9.3/../../../../arm-none-eabi/lib/armv6-m\libcr_c.a(alloc.o)
 .rodata.__ctype
                0x0000dd98      0x180 c:/nxp/lpcxpresso_7.6.0_321/lpcxpresso/tools/bin/../lib/gcc/arm-none-eabi/4.9.3/../../../../arm-none-eabi/lib/armv6-m\libcr_c.a(ctype.o)
                0x0000dd98                __ctype
 .rodata.str1.1
                0x0000df18       0x34 c:/nxp/lpcxpresso_7.6.0_321/lpcxpresso/tools/bin/../lib/gcc/arm-none-eabi/4.9.3/../../../../arm-none-eabi/lib/armv6-m\libcr_c.a(fpprintf.o)
                                 0x35 (size before relaxing)
 .rodata.str1.1
                0x0000df4c        0x4 c:/nxp/lpcxpresso_7.6.0_321/lpcxpresso/tools/bin/../lib/gcc/arm-none-eabi/4.9.3/../../../../arm-none-eabi/lib/armv6-m\libcr_c.a(initio.o)
 .rodata.str1.1
                0x0000df50       0x31 c:/nxp/lpcxpresso_7.6.0_321/lpcxpresso/tools/bin/../lib/gcc/arm-none-eabi/4.9.3/../../../../arm-none-eabi/lib/armv6-m\libcr_c.a(printf.o)
                                 0x38 (size before relaxing)
 .rodata.str1.1
                0x00000000        0x1 c:/nxp/lpcxpresso_7.6.0_321/lpcxpresso/tools/bin/../lib/gcc/arm-none-eabi/4.9.3/../../../../arm-none-eabi/lib/armv6-m\libcr_c.a(strtok.o)
 *fill*         0x0000df81        0x7 
 .rodata.__huge_vall
                0x0000df88        0x8 c:/nxp/lpcxpresso_7.6.0_321/lpcxpresso/tools/bin/../lib/gcc/arm-none-eabi/4.9.3/../../../../arm-none-eabi/lib/armv6-m\libcr_c.a(_hugeval.o)
                0x0000df88                __huge_vall
                0x0000df90                . = ALIGN (0x4)

.glue_7         0x0000df90        0x0
 .glue_7        0x00000000        0x0 linker stubs

.glue_7t        0x0000df90        0x0
 .glue_7t       0x00000000        0x0 linker stubs

.vfp11_veneer   0x0000df90        0x0
 .vfp11_veneer  0x00000000        0x0 linker stubs

.v4_bx          0x0000df90        0x0
 .v4_bx         0x00000000        0x0 linker stubs

.iplt           0x0000df90        0x0
 .iplt          0x00000000        0x0 ./src/ioLibrary/Internet/httpServer/httpParser.o

.rel.dyn        0x0000df90        0x0
 .rel.iplt      0x00000000        0x0 ./src/ioLibrary/Internet/httpServer/httpParser.o

.ARM.extab
 *(.ARM.extab* .gnu.linkonce.armextab.*)
                0x0000df90                __exidx_start = .

.ARM.exidx
 *(.ARM.exidx* .gnu.linkonce.armexidx.*)
                0x0000df90                __exidx_end = .
                0x0000df90                _etext = .

.data_RAM2      0x20000000        0x0 load address 0x0000df90
 FILL mask 0xff
 *(.ramfunc.$RAM2)
 *(.ramfunc.$RamPeriph2)
 *(.data.$RAM2*)
 *(.data.$RamPeriph2*)
                0x20000000                . = ALIGN (0x4)

.data_RAM3      0x20004000        0x0 load address 0x0000df90
 FILL mask 0xff
 *(.ramfunc.$RAM3)
 *(.ramfunc.$SRAM1_2)
 *(.data.$RAM3*)
 *(.data.$SRAM1_2*)
                0x20004000                . = ALIGN (0x4)

.uninit_RESERVED
                0x10000000        0x0
 *(.bss.$RESERVED*)
                0x10000000                . = ALIGN (0x4)
                0x10000000                _end_uninit_RESERVED = .

.data           0x10000000       0x64 load address 0x0000df90
 FILL mask 0xff
                0x10000000                _data = .
 *(vtable)
 *(.ramfunc*)
 *(.data*)
 .data.FTP_destip
                0x10000000        0x4 ./src/ioLibrary/Internet/FTPServer/ftpd.o
                0x10000000                FTP_destip
 .data.FTP_destport
                0x10000004        0x2 ./src/ioLibrary/Internet/FTPServer/ftpd.o
                0x10000004                FTP_destport
 .data.sock_any_port
                0x10000006        0x2 ./src/ioLibrary/Ethernet/socket.o
 .data.WIZCHIP  0x10000008       0x28 ./src/ioLibrary/Ethernet/wizchip_conf.o
                0x10000008                WIZCHIP
 .data.rtc_year
                0x10000030        0x4 ./src/PlatformHandler/FatFs/diskio.o
                0x10000030                rtc_year
 .data.rtc_month
                0x10000034        0x4 ./src/PlatformHandler/FatFs/diskio.o
                0x10000034                rtc_month
 .data.rtc_day  0x10000038        0x4 ./src/PlatformHandler/FatFs/diskio.o
                0x10000038                rtc_day
 .data.rtc_hour
                0x1000003c        0x4 ./src/PlatformHandler/FatFs/diskio.o
                0x1000003c                rtc_hour
 .data.rtc_min  0x10000040        0x4 ./src/PlatformHandler/FatFs/diskio.o
                0x10000040                rtc_min
 .data.rtc_sec  0x10000044        0x4 ./src/PlatformHandler/FatFs/diskio.o
                0x10000044                rtc_sec
 .data.gWIZNETINFO
                0x10000048       0x18 ./src/W5500EVB.o
                0x10000048                gWIZNETINFO
 .data.saves1.3850
                0x10000060        0x4 c:/nxp/lpcxpresso_7.6.0_321/lpcxpresso/tools/bin/../lib/gcc/arm-none-eabi/4.9.3/../../../../arm-none-eabi/lib/armv6-m\libcr_c.a(strtok.o)
                0x10000064                . = ALIGN (0x4)
                0x10000064                _edata = .

.igot.plt       0x10000064        0x0 load address 0x0000dff4
 .igot.plt      0x00000000        0x0 ./src/ioLibrary/Internet/httpServer/httpParser.o

.bss_RAM2       0x20000000        0x0
 *(.bss.$RAM2*)
 *(.bss.$RamPeriph2*)
                0x20000000                . = ALIGN (0x4)

.bss_RAM3       0x20004000        0x0
 *(.bss.$RAM3*)
 *(.bss.$SRAM1_2*)
                0x20004000                . = ALIGN (0x4)

.bss            0x10000064     0x1064
                0x10000064                _bss = .
 *(.bss*)
 .bss.connect_state_control
                0x10000064        0x1 ./src/ioLibrary/Internet/FTPServer/ftpd.o
                0x10000064                connect_state_control
 .bss.connect_state_data
                0x10000065        0x1 ./src/ioLibrary/Internet/FTPServer/ftpd.o
                0x10000065                connect_state_data
 .bss.gModeActivePassiveflag
                0x10000066        0x1 ./src/ioLibrary/Internet/FTPServer/ftpd.o
                0x10000066                gModeActivePassiveflag
 .bss.gMenuStart
                0x10000067        0x1 ./src/ioLibrary/Internet/FTPServer/ftpd.o
                0x10000067                gMenuStart
 .bss.gDataSockReady
                0x10000068        0x1 ./src/ioLibrary/Internet/FTPServer/ftpd.o
                0x10000068                gDataSockReady
 .bss.gDataPutGetStart
                0x10000069        0x1 ./src/ioLibrary/Internet/FTPServer/ftpd.o
                0x10000069                gDataPutGetStart
 .bss.gModeAsciiBinary
                0x1000006a        0x1 ./src/ioLibrary/Internet/FTPServer/ftpd.o
                0x1000006a                gModeAsciiBinary
 .bss.gModeActivePassive
                0x1000006b        0x1 ./src/ioLibrary/Internet/FTPServer/ftpd.o
                0x1000006b                gModeActivePassive
 .bss.gMsgBuf   0x1000006c       0x14 ./src/ioLibrary/Internet/FTPServer/ftpd.o
 .bss.sock_io_mode
                0x10000080        0x2 ./src/ioLibrary/Ethernet/socket.o
 .bss.sock_is_sending
                0x10000082        0x2 ./src/ioLibrary/Ethernet/socket.o
 .bss.sock_remained_size
                0x10000084       0x10 ./src/ioLibrary/Ethernet/socket.o
 .bss.sock_pack_info
                0x10000094        0x8 ./src/ioLibrary/Ethernet/socket.o
 .bss._DNS_     0x1000009c        0x4 ./src/ioLibrary/Ethernet/wizchip_conf.o
 .bss._DHCP_    0x100000a0        0x1 ./src/ioLibrary/Ethernet/wizchip_conf.o
 *fill*         0x100000a1        0x3 
 .bss.FatFs     0x100000a4        0x4 ./src/PlatformHandler/FatFs/ff.o
 .bss.Fsid      0x100000a8        0x2 ./src/PlatformHandler/FatFs/ff.o
 *fill*         0x100000aa        0x2 
 .bss.lfn.4218  0x100000ac      0x100 ./src/PlatformHandler/FatFs/ff.o
 .bss.m_WriteAddress
                0x100001ac        0x2 ./src/PlatformHandler/dataflashHandler.o
                0x100001ac                m_WriteAddress
 .bss.m_WritePage
                0x100001ae        0x2 ./src/PlatformHandler/dataflashHandler.o
                0x100001ae                m_WritePage
 .bss.g_mkfs_done
                0x100001b0        0x4 ./src/W5500EVB.o
                0x100001b0                g_mkfs_done
 .bss.g_sdcard_done
                0x100001b4        0x4 ./src/W5500EVB.o
                0x100001b4                g_sdcard_done
 .bss.button1_enable
                0x100001b8        0x1 ./src/W5500EVB.o
                0x100001b8                button1_enable
 .bss.button1_pressed_flag
                0x100001b9        0x1 ./src/W5500EVB.o
                0x100001b9                button1_pressed_flag
 .bss.buttons_status.6625
                0x100001ba        0x1 ./src/W5500EVB.o
 .bss.ret.6626  0x100001bb        0x1 ./src/W5500EVB.o
 .bss.button1_press_detected.6631
                0x100001bc        0x1 ./src/W5500EVB.o
 *fill*         0x100001bd        0x1 
 .bss.button1_pressed_check_cnt.6630
                0x100001be        0x2 ./src/W5500EVB.o
 .bss.errno     0x100001c0        0x4 c:/nxp/lpcxpresso_7.6.0_321/lpcxpresso/tools/bin/../lib/gcc/arm-none-eabi/4.9.3/../../../../arm-none-eabi/lib/armv6-m\libcr_c.a(errno.o)
                0x100001c0                errno
 *(COMMON)
 COMMON         0x100001c4      0x56e ./src/ioLibrary/Internet/FTPServer/ftpd.o
                0x100001c4                local_ip
                0x100001c8                local_port
                0x100001cc                ftp
                0x10000728                remote_ip
                0x1000072c                remote_port
                0x10000730                Command
 *fill*         0x10000732        0x2 
 COMMON         0x10000734        0x8 ./src/PlatformHandler/dataflashHandler.o
                0x10000734                PageBits
                0x10000738                PageSize
 COMMON         0x1000073c      0x230 ./src/PlatformHandler/mmcHandler.o
                0x1000073c                Fatfs
 COMMON         0x1000096c      0x604 ./src/W5500EVB.o
                0x1000096c                gDATABUF
                0x10000d6c                msTicks
                0x10000d70                gFTPBUF
 COMMON         0x10000f70        0x8 ./src/cr_startup_lpc11exx.o
                0x10000f70                pDivRom_uidiv
                0x10000f74                pDivRom_idiv
 COMMON         0x10000f78        0x4 D:\github\FTP_LPC11E36_LPCXpresso\lpc_chip_11exx\Debug\liblpc_chip_11exx.a(chip_11xx.o)
                0x10000f78                SystemCoreClock
 COMMON         0x10000f7c        0x4 c:/nxp/lpcxpresso_7.6.0_321/lpcxpresso/tools/bin/../lib/gcc/arm-none-eabi/4.9.3/../../../../arm-none-eabi/lib/armv6-m\libcr_c.a(initio.o)
                0x10000f7c                _extra
 COMMON         0x10000f80      0x140 c:/nxp/lpcxpresso_7.6.0_321/lpcxpresso/tools/bin/../lib/gcc/arm-none-eabi/4.9.3/../../../../arm-none-eabi/lib/armv6-m\libcr_c.a(stdio.o)
                0x10000f80                __Ciob
 COMMON         0x100010c0        0x8 c:/nxp/lpcxpresso_7.6.0_321/lpcxpresso/tools/bin/../lib/gcc/arm-none-eabi/4.9.3/../../../../arm-none-eabi/lib/armv6-m\libcr_c.a(__init_alloc.o)
                0x100010c0                __heaps
                0x100010c4                __end_of_heap
                0x100010c8                . = ALIGN (0x4)
                0x100010c8                _ebss = .
                0x100010c8                PROVIDE (end, .)

.noinit_RAM2    0x20000000        0x0
 *(.noinit.$RAM2*)
 *(.noinit.$RamPeriph2*)
                0x20000000                . = ALIGN (0x4)

.noinit_RAM3    0x20004000        0x0
 *(.noinit.$RAM3*)
 *(.noinit.$SRAM1_2*)
                0x20004000                . = ALIGN (0x4)

.noinit         0x100010c8        0x0
                0x100010c8                _noinit = .
 *(.noinit*)
                0x100010c8                . = ALIGN (0x4)
                0x100010c8                _end_noinit = .
                0x100010c8                PROVIDE (_pvHeapStart, DEFINED (__user_heap_base)?__user_heap_base:.)
                0x10002000                PROVIDE (_vStackTop, DEFINED (__user_stack_top)?__user_stack_top:(__top_RamLoc8 - 0x0))
OUTPUT(FTP_LPC11E36_LPCXpresso.axf elf32-littlearm)

.debug_info     0x00000000     0xb5ee
 .debug_info    0x00000000      0xa2c ./src/ioLibrary/Internet/FTPServer/ftpd.o
 .debug_info    0x00000a2c      0x507 ./src/ioLibrary/Ethernet/W5500/w5500.o
 .debug_info    0x00000f33      0x5f7 ./src/ioLibrary/Ethernet/socket.o
 .debug_info    0x0000152a      0xbaa ./src/ioLibrary/Ethernet/wizchip_conf.o
 .debug_info    0x000020d4      0x32d ./src/PlatformHandler/FatFs/diskio.o
 .debug_info    0x00002401     0x2380 ./src/PlatformHandler/FatFs/ff.o
 .debug_info    0x00004781      0x10b ./src/PlatformHandler/FatFs/ff_lfn_required.o
 .debug_info    0x0000488c      0x859 ./src/PlatformHandler/dataflashHandler.o
 .debug_info    0x000050e5      0x21c ./src/PlatformHandler/eepromHandler.o
 .debug_info    0x00005301      0x372 ./src/PlatformHandler/mmcHandler.o
 .debug_info    0x00005673      0x40c ./src/PlatformHandler/spiHandler.o
 .debug_info    0x00005a7f      0x7c0 ./src/W5500EVB.o
 .debug_info    0x0000623f       0x80 ./src/aeabi_romdiv_patch.o
 .debug_info    0x000062bf      0x244 ./src/cr_startup_lpc11exx.o
 .debug_info    0x00006503       0x3b ./src/crp.o
 .debug_info    0x0000653e       0xb4 ./src/sysinit.o
 .debug_info    0x000065f2      0x54f ./src/w5500_init.o
 .debug_info    0x00006b41      0x8bc D:\github\FTP_LPC11E36_LPCXpresso\wiznet_evb_w5500evb_board\Debug\libwiznet_evb_w5500evb_board.a(board.o)
 .debug_info    0x000073fd      0x915 D:\github\FTP_LPC11E36_LPCXpresso\wiznet_evb_w5500evb_board\Debug\libwiznet_evb_w5500evb_board.a(board_sysinit.o)
 .debug_info    0x00007d12       0xc2 D:\github\FTP_LPC11E36_LPCXpresso\lpc_chip_11exx\Debug\liblpc_chip_11exx.a(chip_11xx.o)
 .debug_info    0x00007dd4      0x86f D:\github\FTP_LPC11E36_LPCXpresso\lpc_chip_11exx\Debug\liblpc_chip_11exx.a(clock_11xx.o)
 .debug_info    0x00008643      0x96f D:\github\FTP_LPC11E36_LPCXpresso\lpc_chip_11exx\Debug\liblpc_chip_11exx.a(gpio_11xx_1.o)
 .debug_info    0x00008fb2      0x155 D:\github\FTP_LPC11E36_LPCXpresso\lpc_chip_11exx\Debug\liblpc_chip_11exx.a(iocon_11xx.o)
 .debug_info    0x00009107     0x10c0 D:\github\FTP_LPC11E36_LPCXpresso\lpc_chip_11exx\Debug\liblpc_chip_11exx.a(ssp_11xx.o)
 .debug_info    0x0000a1c7      0x583 D:\github\FTP_LPC11E36_LPCXpresso\lpc_chip_11exx\Debug\liblpc_chip_11exx.a(sysctl_11xx.o)
 .debug_info    0x0000a74a      0xea4 D:\github\FTP_LPC11E36_LPCXpresso\lpc_chip_11exx\Debug\liblpc_chip_11exx.a(uart_11xx.o)

.debug_abbrev   0x00000000     0x25bc
 .debug_abbrev  0x00000000      0x2a6 ./src/ioLibrary/Internet/FTPServer/ftpd.o
 .debug_abbrev  0x000002a6      0x19d ./src/ioLibrary/Ethernet/W5500/w5500.o
 .debug_abbrev  0x00000443      0x126 ./src/ioLibrary/Ethernet/socket.o
 .debug_abbrev  0x00000569      0x2a3 ./src/ioLibrary/Ethernet/wizchip_conf.o
 .debug_abbrev  0x0000080c      0x105 ./src/PlatformHandler/FatFs/diskio.o
 .debug_abbrev  0x00000911      0x23f ./src/PlatformHandler/FatFs/ff.o
 .debug_abbrev  0x00000b50       0x8a ./src/PlatformHandler/FatFs/ff_lfn_required.o
 .debug_abbrev  0x00000bda      0x259 ./src/PlatformHandler/dataflashHandler.o
 .debug_abbrev  0x00000e33       0xe4 ./src/PlatformHandler/eepromHandler.o
 .debug_abbrev  0x00000f17      0x137 ./src/PlatformHandler/mmcHandler.o
 .debug_abbrev  0x0000104e      0x168 ./src/PlatformHandler/spiHandler.o
 .debug_abbrev  0x000011b6      0x27f ./src/W5500EVB.o
 .debug_abbrev  0x00001435       0x12 ./src/aeabi_romdiv_patch.o
 .debug_abbrev  0x00001447       0xf9 ./src/cr_startup_lpc11exx.o
 .debug_abbrev  0x00001540       0x33 ./src/crp.o
 .debug_abbrev  0x00001573       0x67 ./src/sysinit.o
 .debug_abbrev  0x000015da      0x20a ./src/w5500_init.o
 .debug_abbrev  0x000017e4      0x21c D:\github\FTP_LPC11E36_LPCXpresso\wiznet_evb_w5500evb_board\Debug\libwiznet_evb_w5500evb_board.a(board.o)
 .debug_abbrev  0x00001a00      0x1cb D:\github\FTP_LPC11E36_LPCXpresso\wiznet_evb_w5500evb_board\Debug\libwiznet_evb_w5500evb_board.a(board_sysinit.o)
 .debug_abbrev  0x00001bcb       0x7b D:\github\FTP_LPC11E36_LPCXpresso\lpc_chip_11exx\Debug\liblpc_chip_11exx.a(chip_11xx.o)
 .debug_abbrev  0x00001c46      0x1bc D:\github\FTP_LPC11E36_LPCXpresso\lpc_chip_11exx\Debug\liblpc_chip_11exx.a(clock_11xx.o)
 .debug_abbrev  0x00001e02      0x173 D:\github\FTP_LPC11E36_LPCXpresso\lpc_chip_11exx\Debug\liblpc_chip_11exx.a(gpio_11xx_1.o)
 .debug_abbrev  0x00001f75       0xc8 D:\github\FTP_LPC11E36_LPCXpresso\lpc_chip_11exx\Debug\liblpc_chip_11exx.a(iocon_11xx.o)
 .debug_abbrev  0x0000203d      0x2b0 D:\github\FTP_LPC11E36_LPCXpresso\lpc_chip_11exx\Debug\liblpc_chip_11exx.a(ssp_11xx.o)
 .debug_abbrev  0x000022ed       0xce D:\github\FTP_LPC11E36_LPCXpresso\lpc_chip_11exx\Debug\liblpc_chip_11exx.a(sysctl_11xx.o)
 .debug_abbrev  0x000023bb      0x201 D:\github\FTP_LPC11E36_LPCXpresso\lpc_chip_11exx\Debug\liblpc_chip_11exx.a(uart_11xx.o)

.debug_aranges  0x00000000      0xc98
 .debug_aranges
                0x00000000       0x50 ./src/ioLibrary/Internet/FTPServer/ftpd.o
 .debug_aranges
                0x00000050       0x60 ./src/ioLibrary/Ethernet/W5500/w5500.o
 .debug_aranges
                0x000000b0       0x78 ./src/ioLibrary/Ethernet/socket.o
 .debug_aranges
                0x00000128      0x138 ./src/ioLibrary/Ethernet/wizchip_conf.o
 .debug_aranges
                0x00000260       0x48 ./src/PlatformHandler/FatFs/diskio.o
 .debug_aranges
                0x000002a8      0x1f0 ./src/PlatformHandler/FatFs/ff.o
 .debug_aranges
                0x00000498       0x28 ./src/PlatformHandler/FatFs/ff_lfn_required.o
 .debug_aranges
                0x000004c0       0xe8 ./src/PlatformHandler/dataflashHandler.o
 .debug_aranges
                0x000005a8       0x30 ./src/PlatformHandler/eepromHandler.o
 .debug_aranges
                0x000005d8       0x28 ./src/PlatformHandler/mmcHandler.o
 .debug_aranges
                0x00000600       0x40 ./src/PlatformHandler/spiHandler.o
 .debug_aranges
                0x00000640       0x60 ./src/W5500EVB.o
 .debug_aranges
                0x000006a0       0x28 ./src/aeabi_romdiv_patch.o
 .debug_aranges
                0x000006c8       0x60 ./src/cr_startup_lpc11exx.o
 .debug_aranges
                0x00000728       0x18 ./src/crp.o
 .debug_aranges
                0x00000740       0x20 ./src/sysinit.o
 .debug_aranges
                0x00000760       0x70 ./src/w5500_init.o
 .debug_aranges
                0x000007d0       0xc8 D:\github\FTP_LPC11E36_LPCXpresso\wiznet_evb_w5500evb_board\Debug\libwiznet_evb_w5500evb_board.a(board.o)
 .debug_aranges
                0x00000898       0x58 D:\github\FTP_LPC11E36_LPCXpresso\wiznet_evb_w5500evb_board\Debug\libwiznet_evb_w5500evb_board.a(board_sysinit.o)
 .debug_aranges
                0x000008f0       0x20 D:\github\FTP_LPC11E36_LPCXpresso\lpc_chip_11exx\Debug\liblpc_chip_11exx.a(chip_11xx.o)
 .debug_aranges
                0x00000910       0x88 D:\github\FTP_LPC11E36_LPCXpresso\lpc_chip_11exx\Debug\liblpc_chip_11exx.a(clock_11xx.o)
 .debug_aranges
                0x00000998       0x78 D:\github\FTP_LPC11E36_LPCXpresso\lpc_chip_11exx\Debug\liblpc_chip_11exx.a(gpio_11xx_1.o)
 .debug_aranges
                0x00000a10       0x20 D:\github\FTP_LPC11E36_LPCXpresso\lpc_chip_11exx\Debug\liblpc_chip_11exx.a(iocon_11xx.o)
 .debug_aranges
                0x00000a30      0x140 D:\github\FTP_LPC11E36_LPCXpresso\lpc_chip_11exx\Debug\liblpc_chip_11exx.a(ssp_11xx.o)
 .debug_aranges
                0x00000b70       0x38 D:\github\FTP_LPC11E36_LPCXpresso\lpc_chip_11exx\Debug\liblpc_chip_11exx.a(sysctl_11xx.o)
 .debug_aranges
                0x00000ba8       0xf0 D:\github\FTP_LPC11E36_LPCXpresso\lpc_chip_11exx\Debug\liblpc_chip_11exx.a(uart_11xx.o)

.debug_ranges   0x00000000      0xaf8
 .debug_ranges  0x00000000       0x40 ./src/ioLibrary/Internet/FTPServer/ftpd.o
 .debug_ranges  0x00000040       0x50 ./src/ioLibrary/Ethernet/W5500/w5500.o
 .debug_ranges  0x00000090       0x68 ./src/ioLibrary/Ethernet/socket.o
 .debug_ranges  0x000000f8      0x128 ./src/ioLibrary/Ethernet/wizchip_conf.o
 .debug_ranges  0x00000220       0x38 ./src/PlatformHandler/FatFs/diskio.o
 .debug_ranges  0x00000258      0x1e0 ./src/PlatformHandler/FatFs/ff.o
 .debug_ranges  0x00000438       0x18 ./src/PlatformHandler/FatFs/ff_lfn_required.o
 .debug_ranges  0x00000450       0xd8 ./src/PlatformHandler/dataflashHandler.o
 .debug_ranges  0x00000528       0x20 ./src/PlatformHandler/eepromHandler.o
 .debug_ranges  0x00000548       0x18 ./src/PlatformHandler/mmcHandler.o
 .debug_ranges  0x00000560       0x30 ./src/PlatformHandler/spiHandler.o
 .debug_ranges  0x00000590       0x50 ./src/W5500EVB.o
 .debug_ranges  0x000005e0       0x20 ./src/aeabi_romdiv_patch.o
 .debug_ranges  0x00000600       0x50 ./src/cr_startup_lpc11exx.o
 .debug_ranges  0x00000650       0x10 ./src/sysinit.o
 .debug_ranges  0x00000660       0x60 ./src/w5500_init.o
 .debug_ranges  0x000006c0       0xb8 D:\github\FTP_LPC11E36_LPCXpresso\wiznet_evb_w5500evb_board\Debug\libwiznet_evb_w5500evb_board.a(board.o)
 .debug_ranges  0x00000778       0x48 D:\github\FTP_LPC11E36_LPCXpresso\wiznet_evb_w5500evb_board\Debug\libwiznet_evb_w5500evb_board.a(board_sysinit.o)
 .debug_ranges  0x000007c0       0x10 D:\github\FTP_LPC11E36_LPCXpresso\lpc_chip_11exx\Debug\liblpc_chip_11exx.a(chip_11xx.o)
 .debug_ranges  0x000007d0       0x78 D:\github\FTP_LPC11E36_LPCXpresso\lpc_chip_11exx\Debug\liblpc_chip_11exx.a(clock_11xx.o)
 .debug_ranges  0x00000848       0x68 D:\github\FTP_LPC11E36_LPCXpresso\lpc_chip_11exx\Debug\liblpc_chip_11exx.a(gpio_11xx_1.o)
 .debug_ranges  0x000008b0       0x10 D:\github\FTP_LPC11E36_LPCXpresso\lpc_chip_11exx\Debug\liblpc_chip_11exx.a(iocon_11xx.o)
 .debug_ranges  0x000008c0      0x130 D:\github\FTP_LPC11E36_LPCXpresso\lpc_chip_11exx\Debug\liblpc_chip_11exx.a(ssp_11xx.o)
 .debug_ranges  0x000009f0       0x28 D:\github\FTP_LPC11E36_LPCXpresso\lpc_chip_11exx\Debug\liblpc_chip_11exx.a(sysctl_11xx.o)
 .debug_ranges  0x00000a18       0xe0 D:\github\FTP_LPC11E36_LPCXpresso\lpc_chip_11exx\Debug\liblpc_chip_11exx.a(uart_11xx.o)

.debug_line     0x00000000     0x5b93
 .debug_line    0x00000000      0x3ed ./src/ioLibrary/Internet/FTPServer/ftpd.o
 .debug_line    0x000003ed      0x1fa ./src/ioLibrary/Ethernet/W5500/w5500.o
 .debug_line    0x000005e7      0x508 ./src/ioLibrary/Ethernet/socket.o
 .debug_line    0x00000aef      0x4c0 ./src/ioLibrary/Ethernet/wizchip_conf.o
 .debug_line    0x00000faf      0x18f ./src/PlatformHandler/FatFs/diskio.o
 .debug_line    0x0000113e     0x141d ./src/PlatformHandler/FatFs/ff.o
 .debug_line    0x0000255b       0xab ./src/PlatformHandler/FatFs/ff_lfn_required.o
 .debug_line    0x00002606      0x432 ./src/PlatformHandler/dataflashHandler.o
 .debug_line    0x00002a38      0x135 ./src/PlatformHandler/eepromHandler.o
 .debug_line    0x00002b6d      0x154 ./src/PlatformHandler/mmcHandler.o
 .debug_line    0x00002cc1      0x161 ./src/PlatformHandler/spiHandler.o
 .debug_line    0x00002e22      0x247 ./src/W5500EVB.o
 .debug_line    0x00003069       0x65 ./src/aeabi_romdiv_patch.o
 .debug_line    0x000030ce       0xc2 ./src/cr_startup_lpc11exx.o
 .debug_line    0x00003190       0x2d ./src/crp.o
 .debug_line    0x000031bd       0xc9 ./src/sysinit.o
 .debug_line    0x00003286      0x207 ./src/w5500_init.o
 .debug_line    0x0000348d      0x54f D:\github\FTP_LPC11E36_LPCXpresso\wiznet_evb_w5500evb_board\Debug\libwiznet_evb_w5500evb_board.a(board.o)
 .debug_line    0x000039dc      0x42a D:\github\FTP_LPC11E36_LPCXpresso\wiznet_evb_w5500evb_board\Debug\libwiznet_evb_w5500evb_board.a(board_sysinit.o)
 .debug_line    0x00003e06      0x2ef D:\github\FTP_LPC11E36_LPCXpresso\lpc_chip_11exx\Debug\liblpc_chip_11exx.a(chip_11xx.o)
 .debug_line    0x000040f5      0x41a D:\github\FTP_LPC11E36_LPCXpresso\lpc_chip_11exx\Debug\liblpc_chip_11exx.a(clock_11xx.o)
 .debug_line    0x0000450f      0x3da D:\github\FTP_LPC11E36_LPCXpresso\lpc_chip_11exx\Debug\liblpc_chip_11exx.a(gpio_11xx_1.o)
 .debug_line    0x000048e9      0x2f2 D:\github\FTP_LPC11E36_LPCXpresso\lpc_chip_11exx\Debug\liblpc_chip_11exx.a(iocon_11xx.o)
 .debug_line    0x00004bdb      0x72d D:\github\FTP_LPC11E36_LPCXpresso\lpc_chip_11exx\Debug\liblpc_chip_11exx.a(ssp_11xx.o)
 .debug_line    0x00005308      0x32c D:\github\FTP_LPC11E36_LPCXpresso\lpc_chip_11exx\Debug\liblpc_chip_11exx.a(sysctl_11xx.o)
 .debug_line    0x00005634      0x55f D:\github\FTP_LPC11E36_LPCXpresso\lpc_chip_11exx\Debug\liblpc_chip_11exx.a(uart_11xx.o)

.debug_str      0x00000000     0xc148
 .debug_str     0x00000000      0x738 ./src/ioLibrary/Internet/FTPServer/ftpd.o
                                0x81c (size before relaxing)
 .debug_str     0x00000738      0x11f ./src/ioLibrary/Ethernet/W5500/w5500.o
                                0x2dc (size before relaxing)
 .debug_str     0x00000857      0x267 ./src/ioLibrary/Ethernet/socket.o
                                0x422 (size before relaxing)
 .debug_str     0x00000abe      0x5cf ./src/ioLibrary/Ethernet/wizchip_conf.o
                                0x8a2 (size before relaxing)
 .debug_str     0x0000108d      0x10b ./src/PlatformHandler/FatFs/diskio.o
                                0x2c7 (size before relaxing)
 .debug_str     0x00001198      0x3c3 ./src/PlatformHandler/FatFs/ff.o
                                0x790 (size before relaxing)
 .debug_str     0x0000155b       0x46 ./src/PlatformHandler/FatFs/ff_lfn_required.o
                                0x19e (size before relaxing)
 .debug_str     0x000015a1      0x2c2 ./src/PlatformHandler/dataflashHandler.o
                                0x4b3 (size before relaxing)
 .debug_str     0x00001863       0x8f ./src/PlatformHandler/eepromHandler.o
                                0x257 (size before relaxing)
 .debug_str     0x000018f2       0x71 ./src/PlatformHandler/mmcHandler.o
                                0x436 (size before relaxing)
 .debug_str     0x00001963      0x22a ./src/PlatformHandler/spiHandler.o
                                0x439 (size before relaxing)
 .debug_str     0x00001b8d      0x3ef ./src/W5500EVB.o
                                0x7c1 (size before relaxing)
 .debug_str     0x00001f7c      0x159 ./src/cr_startup_lpc11exx.o
                                0x271 (size before relaxing)
 .debug_str     0x000020d5       0x16 ./src/crp.o
                                0x10f (size before relaxing)
 .debug_str     0x000020eb       0x11 ./src/sysinit.o
                                0x1ba (size before relaxing)
 .debug_str     0x000020fc       0xa9 ./src/w5500_init.o
                                0x46e (size before relaxing)
 .debug_str     0x000021a5     0x87fd D:\github\FTP_LPC11E36_LPCXpresso\wiznet_evb_w5500evb_board\Debug\libwiznet_evb_w5500evb_board.a(board.o)
                               0x89c3 (size before relaxing)
 .debug_str     0x0000a9a2      0x7ab D:\github\FTP_LPC11E36_LPCXpresso\wiznet_evb_w5500evb_board\Debug\libwiznet_evb_w5500evb_board.a(board_sysinit.o)
                               0x8df5 (size before relaxing)
 .debug_str     0x0000b14d       0x60 D:\github\FTP_LPC11E36_LPCXpresso\lpc_chip_11exx\Debug\liblpc_chip_11exx.a(chip_11xx.o)
                               0x80bd (size before relaxing)
 .debug_str     0x0000b1ad      0x447 D:\github\FTP_LPC11E36_LPCXpresso\lpc_chip_11exx\Debug\liblpc_chip_11exx.a(clock_11xx.o)
                               0x8881 (size before relaxing)
 .debug_str     0x0000b5f4       0xff D:\github\FTP_LPC11E36_LPCXpresso\lpc_chip_11exx\Debug\liblpc_chip_11exx.a(gpio_11xx_1.o)
                               0x8731 (size before relaxing)
 .debug_str     0x0000b6f3       0x30 D:\github\FTP_LPC11E36_LPCXpresso\lpc_chip_11exx\Debug\liblpc_chip_11exx.a(iocon_11xx.o)
                               0x80e0 (size before relaxing)
 .debug_str     0x0000b723      0x600 D:\github\FTP_LPC11E36_LPCXpresso\lpc_chip_11exx\Debug\liblpc_chip_11exx.a(ssp_11xx.o)
                               0x8e10 (size before relaxing)
 .debug_str     0x0000bd23      0x19f D:\github\FTP_LPC11E36_LPCXpresso\lpc_chip_11exx\Debug\liblpc_chip_11exx.a(sysctl_11xx.o)
                               0x84cb (size before relaxing)
 .debug_str     0x0000bec2      0x286 D:\github\FTP_LPC11E36_LPCXpresso\lpc_chip_11exx\Debug\liblpc_chip_11exx.a(uart_11xx.o)
                               0x892c (size before relaxing)

.comment        0x00000000       0xe0
 .comment       0x00000000       0x70 ./src/ioLibrary/Internet/FTPServer/ftpd.o
                                 0x71 (size before relaxing)
 .comment       0x00000000       0x71 ./src/ioLibrary/Ethernet/W5500/w5500.o
 .comment       0x00000000       0x71 ./src/ioLibrary/Ethernet/socket.o
 .comment       0x00000000       0x71 ./src/ioLibrary/Ethernet/wizchip_conf.o
 .comment       0x00000000       0x71 ./src/PlatformHandler/FatFs/diskio.o
 .comment       0x00000000       0x71 ./src/PlatformHandler/FatFs/ff.o
 .comment       0x00000000       0x71 ./src/PlatformHandler/FatFs/ff_lfn_required.o
 .comment       0x00000000       0x71 ./src/PlatformHandler/dataflashHandler.o
 .comment       0x00000000       0x71 ./src/PlatformHandler/eepromHandler.o
 .comment       0x00000000       0x71 ./src/PlatformHandler/mmcHandler.o
 .comment       0x00000000       0x71 ./src/PlatformHandler/spiHandler.o
 .comment       0x00000000       0x71 ./src/W5500EVB.o
 .comment       0x00000000       0x71 ./src/cr_startup_lpc11exx.o
 .comment       0x00000000       0x71 ./src/crp.o
 .comment       0x00000000       0x71 ./src/sysinit.o
 .comment       0x00000000       0x71 ./src/w5500_init.o
 .comment       0x00000000       0x71 D:\github\FTP_LPC11E36_LPCXpresso\wiznet_evb_w5500evb_board\Debug\libwiznet_evb_w5500evb_board.a(board.o)
 .comment       0x00000000       0x71 D:\github\FTP_LPC11E36_LPCXpresso\wiznet_evb_w5500evb_board\Debug\libwiznet_evb_w5500evb_board.a(board_sysinit.o)
 .comment       0x00000000       0x71 D:\github\FTP_LPC11E36_LPCXpresso\lpc_chip_11exx\Debug\liblpc_chip_11exx.a(chip_11xx.o)
 .comment       0x00000000       0x71 D:\github\FTP_LPC11E36_LPCXpresso\lpc_chip_11exx\Debug\liblpc_chip_11exx.a(clock_11xx.o)
 .comment       0x00000000       0x71 D:\github\FTP_LPC11E36_LPCXpresso\lpc_chip_11exx\Debug\liblpc_chip_11exx.a(gpio_11xx_1.o)
 .comment       0x00000000       0x71 D:\github\FTP_LPC11E36_LPCXpresso\lpc_chip_11exx\Debug\liblpc_chip_11exx.a(iocon_11xx.o)
 .comment       0x00000000       0x71 D:\github\FTP_LPC11E36_LPCXpresso\lpc_chip_11exx\Debug\liblpc_chip_11exx.a(ssp_11xx.o)
 .comment       0x00000000       0x71 D:\github\FTP_LPC11E36_LPCXpresso\lpc_chip_11exx\Debug\liblpc_chip_11exx.a(sysctl_11xx.o)
 .comment       0x00000000       0x71 D:\github\FTP_LPC11E36_LPCXpresso\lpc_chip_11exx\Debug\liblpc_chip_11exx.a(uart_11xx.o)
 .comment       0x00000070       0x70 c:/nxp/lpcxpresso_7.6.0_321/lpcxpresso/tools/bin/../lib/gcc/arm-none-eabi/4.9.3/../../../../arm-none-eabi/lib/armv6-m\libcr_nohost.a(_cr__main.o)
                                 0x71 (size before relaxing)
 .comment       0x00000000       0x71 c:/nxp/lpcxpresso_7.6.0_321/lpcxpresso/tools/bin/../lib/gcc/arm-none-eabi/4.9.3/../../../../arm-none-eabi/lib/armv6-m\libcr_c.a(memcpy.o)
 .comment       0x00000000       0x71 c:/nxp/lpcxpresso_7.6.0_321/lpcxpresso/tools/bin/../lib/gcc/arm-none-eabi/4.9.3/../../../../arm-none-eabi/lib/armv6-m\libcr_c.a(memset.o)
 .comment       0x00000000       0x71 c:/nxp/lpcxpresso_7.6.0_321/lpcxpresso/tools/bin/../lib/gcc/arm-none-eabi/4.9.3/../../../../arm-none-eabi/lib/armv6-m\libcr_c.a(alloc.o)
 .comment       0x00000000       0x71 c:/nxp/lpcxpresso_7.6.0_321/lpcxpresso/tools/bin/../lib/gcc/arm-none-eabi/4.9.3/../../../../arm-none-eabi/lib/armv6-m\libcr_c.a(ctype.o)
 .comment       0x00000000       0x71 c:/nxp/lpcxpresso_7.6.0_321/lpcxpresso/tools/bin/../lib/gcc/arm-none-eabi/4.9.3/../../../../arm-none-eabi/lib/armv6-m\libcr_c.a(fpprintf.o)
 .comment       0x00000000       0x71 c:/nxp/lpcxpresso_7.6.0_321/lpcxpresso/tools/bin/../lib/gcc/arm-none-eabi/4.9.3/../../../../arm-none-eabi/lib/armv6-m\libcr_c.a(initio.o)
 .comment       0x00000000       0x71 c:/nxp/lpcxpresso_7.6.0_321/lpcxpresso/tools/bin/../lib/gcc/arm-none-eabi/4.9.3/../../../../arm-none-eabi/lib/armv6-m\libcr_c.a(printf.o)
 .comment       0x00000000       0x71 c:/nxp/lpcxpresso_7.6.0_321/lpcxpresso/tools/bin/../lib/gcc/arm-none-eabi/4.9.3/../../../../arm-none-eabi/lib/armv6-m\libcr_c.a(scanf.o)
 .comment       0x00000000       0x71 c:/nxp/lpcxpresso_7.6.0_321/lpcxpresso/tools/bin/../lib/gcc/arm-none-eabi/4.9.3/../../../../arm-none-eabi/lib/armv6-m\libcr_c.a(setvbuf.o)
 .comment       0x00000000       0x71 c:/nxp/lpcxpresso_7.6.0_321/lpcxpresso/tools/bin/../lib/gcc/arm-none-eabi/4.9.3/../../../../arm-none-eabi/lib/armv6-m\libcr_c.a(stdio.o)
 .comment       0x00000000       0x71 c:/nxp/lpcxpresso_7.6.0_321/lpcxpresso/tools/bin/../lib/gcc/arm-none-eabi/4.9.3/../../../../arm-none-eabi/lib/armv6-m\libcr_c.a(strcpy.o)
 .comment       0x00000000       0x71 c:/nxp/lpcxpresso_7.6.0_321/lpcxpresso/tools/bin/../lib/gcc/arm-none-eabi/4.9.3/../../../../arm-none-eabi/lib/armv6-m\libcr_c.a(strlen.o)
 .comment       0x00000000       0x71 c:/nxp/lpcxpresso_7.6.0_321/lpcxpresso/tools/bin/../lib/gcc/arm-none-eabi/4.9.3/../../../../arm-none-eabi/lib/armv6-m\libcr_c.a(strtok.o)
 .comment       0x00000000       0x71 c:/nxp/lpcxpresso_7.6.0_321/lpcxpresso/tools/bin/../lib/gcc/arm-none-eabi/4.9.3/../../../../arm-none-eabi/lib/armv6-m\libcr_c.a(__init_alloc.o)
 .comment       0x00000000       0x71 c:/nxp/lpcxpresso_7.6.0_321/lpcxpresso/tools/bin/../lib/gcc/arm-none-eabi/4.9.3/../../../../arm-none-eabi/lib/armv6-m\libcr_c.a(_cr_sbrk.o)
 .comment       0x00000000       0x71 c:/nxp/lpcxpresso_7.6.0_321/lpcxpresso/tools/bin/../lib/gcc/arm-none-eabi/4.9.3/../../../../arm-none-eabi/lib/armv6-m\libcr_c.a(_deferredlazyseek.o)
 .comment       0x00000000       0x71 c:/nxp/lpcxpresso_7.6.0_321/lpcxpresso/tools/bin/../lib/gcc/arm-none-eabi/4.9.3/../../../../arm-none-eabi/lib/armv6-m\libcr_c.a(_fdopen.o)
 .comment       0x00000000       0x71 c:/nxp/lpcxpresso_7.6.0_321/lpcxpresso/tools/bin/../lib/gcc/arm-none-eabi/4.9.3/../../../../arm-none-eabi/lib/armv6-m\libcr_c.a(_fflush.o)
 .comment       0x00000000       0x71 c:/nxp/lpcxpresso_7.6.0_321/lpcxpresso/tools/bin/../lib/gcc/arm-none-eabi/4.9.3/../../../../arm-none-eabi/lib/armv6-m\libcr_c.a(_frexpl.o)
 .comment       0x00000000       0x71 c:/nxp/lpcxpresso_7.6.0_321/lpcxpresso/tools/bin/../lib/gcc/arm-none-eabi/4.9.3/../../../../arm-none-eabi/lib/armv6-m\libcr_c.a(_hugeval.o)
 .comment       0x00000000       0x71 c:/nxp/lpcxpresso_7.6.0_321/lpcxpresso/tools/bin/../lib/gcc/arm-none-eabi/4.9.3/../../../../arm-none-eabi/lib/armv6-m\libcr_c.a(_ldexpl.o)
 .comment       0x00000000       0x71 c:/nxp/lpcxpresso_7.6.0_321/lpcxpresso/tools/bin/../lib/gcc/arm-none-eabi/4.9.3/../../../../arm-none-eabi/lib/armv6-m\libcr_c.a(_writebuf.o)
 .comment       0x00000000       0x71 c:/nxp/lpcxpresso_7.6.0_321/lpcxpresso/tools/bin/../lib/gcc/arm-none-eabi/4.9.3/../../../../arm-none-eabi/lib/armv6-m\libcr_c.a(errno.o)
 .comment       0x00000000       0x71 c:/nxp/lpcxpresso_7.6.0_321/lpcxpresso/tools/bin/../lib/gcc/arm-none-eabi/4.9.3/../../../../arm-none-eabi/lib/armv6-m\libcr_c.a(fclose.o)
 .comment       0x00000000       0x71 c:/nxp/lpcxpresso_7.6.0_321/lpcxpresso/tools/bin/../lib/gcc/arm-none-eabi/4.9.3/../../../../arm-none-eabi/lib/armv6-m\libcr_c.a(fflush.o)
 .comment       0x00000000       0x71 c:/nxp/lpcxpresso_7.6.0_321/lpcxpresso/tools/bin/../lib/gcc/arm-none-eabi/4.9.3/../../../../arm-none-eabi/lib/armv6-m\libcr_c.a(fseek.o)
 .comment       0x00000000       0x71 c:/nxp/lpcxpresso_7.6.0_321/lpcxpresso/tools/bin/../lib/gcc/arm-none-eabi/4.9.3/../../../../arm-none-eabi/lib/armv6-m\libcr_c.a(ftell.o)
 .comment       0x00000000       0x71 c:/nxp/lpcxpresso_7.6.0_321/lpcxpresso/tools/bin/../lib/gcc/arm-none-eabi/4.9.3/../../../../arm-none-eabi/lib/armv6-m\libcr_c.a(remove.o)
 .comment       0x00000000       0x71 c:/nxp/lpcxpresso_7.6.0_321/lpcxpresso/tools/bin/../lib/gcc/arm-none-eabi/4.9.3/../../../../arm-none-eabi/lib/armv6-m\libcr_c.a(strcspn.o)
 .comment       0x00000000       0x71 c:/nxp/lpcxpresso_7.6.0_321/lpcxpresso/tools/bin/../lib/gcc/arm-none-eabi/4.9.3/../../../../arm-none-eabi/lib/armv6-m\libcr_c.a(strspn.o)